Component: ARM Compiler 5.06 update 6 (build 750) Tool: armlink [4d35ed]

==============================================================================

Section Cross References

    startup_stm32f103xe.o(RESET) refers to startup_stm32f103xe.o(STACK) for __initial_sp
    startup_stm32f103xe.o(RESET) refers to startup_stm32f103xe.o(.text) for Reset_Handler
    startup_stm32f103xe.o(RESET) refers to stm32f1xx_it.o(i.NMI_Handler) for NMI_Handler
    startup_stm32f103xe.o(RESET) refers to stm32f1xx_it.o(i.HardFault_Handler) for HardFault_Handler
    startup_stm32f103xe.o(RESET) refers to stm32f1xx_it.o(i.MemManage_Handler) for MemManage_Handler
    startup_stm32f103xe.o(RESET) refers to stm32f1xx_it.o(i.BusFault_Handler) for BusFault_Handler
    startup_stm32f103xe.o(RESET) refers to stm32f1xx_it.o(i.UsageFault_Handler) for UsageFault_Handler
    startup_stm32f103xe.o(RESET) refers to stm32f1xx_it.o(i.SVC_Handler) for SVC_Handler
    startup_stm32f103xe.o(RESET) refers to stm32f1xx_it.o(i.DebugMon_Handler) for DebugMon_Handler
    startup_stm32f103xe.o(RESET) refers to stm32f1xx_it.o(i.PendSV_Handler) for PendSV_Handler
    startup_stm32f103xe.o(RESET) refers to stm32f1xx_it.o(i.SysTick_Handler) for SysTick_Handler
    startup_stm32f103xe.o(RESET) refers to stm32f1xx_it.o(i.USART1_IRQHandler) for USART1_IRQHandler
    startup_stm32f103xe.o(RESET) refers to stm32f1xx_it.o(i.TIM6_IRQHandler) for TIM6_IRQHandler
    startup_stm32f103xe.o(.text) refers to system_stm32f1xx.o(i.SystemInit) for SystemInit
    startup_stm32f103xe.o(.text) refers to entry.o(.ARM.Collect$$$$00000000) for __main
    main.o(i.SystemClock_Config) refers to memseta.o(.text) for __aeabi_memclr4
    main.o(i.SystemClock_Config) refers to stm32f1xx_hal_rcc.o(i.HAL_RCC_OscConfig) for HAL_RCC_OscConfig
    main.o(i.SystemClock_Config) refers to main.o(i.Error_Handler) for Error_Handler
    main.o(i.SystemClock_Config) refers to stm32f1xx_hal_rcc.o(i.HAL_RCC_ClockConfig) for HAL_RCC_ClockConfig
    main.o(i.fputc) refers to stm32f1xx_hal_uart.o(i.HAL_UART_Transmit) for HAL_UART_Transmit
    main.o(i.fputc) refers to usart.o(.bss) for huart1
    main.o(i.main) refers to stm32f1xx_hal.o(i.HAL_Init) for HAL_Init
    main.o(i.main) refers to main.o(i.SystemClock_Config) for SystemClock_Config
    main.o(i.main) refers to gpio.o(i.MX_GPIO_Init) for MX_GPIO_Init
    main.o(i.main) refers to spi.o(i.MX_SPI1_Init) for MX_SPI1_Init
    main.o(i.main) refers to tim.o(i.MX_TIM6_Init) for MX_TIM6_Init
    main.o(i.main) refers to usart.o(i.MX_USART1_UART_Init) for MX_USART1_UART_Init
    main.o(i.main) refers to tim.o(i.MX_TIM7_Init) for MX_TIM7_Init
    main.o(i.main) refers to stm32f1xx_hal_gpio.o(i.HAL_GPIO_WritePin) for HAL_GPIO_WritePin
    main.o(i.main) refers to mpu6050.o(i.MPU_Init) for MPU_Init
    main.o(i.main) refers to stm32f1xx_hal.o(i.HAL_Delay) for HAL_Delay
    main.o(i.main) refers to printf5.o(i.__0printf$5) for __2printf
    main.o(i.main) refers to kalman_filter.o(i.Output) for Output
    gpio.o(i.MX_GPIO_Init) refers to stm32f1xx_hal_gpio.o(i.HAL_GPIO_WritePin) for HAL_GPIO_WritePin
    gpio.o(i.MX_GPIO_Init) refers to stm32f1xx_hal_gpio.o(i.HAL_GPIO_Init) for HAL_GPIO_Init
    spi.o(i.HAL_SPI_MspDeInit) refers to stm32f1xx_hal_gpio.o(i.HAL_GPIO_DeInit) for HAL_GPIO_DeInit
    spi.o(i.HAL_SPI_MspInit) refers to stm32f1xx_hal_gpio.o(i.HAL_GPIO_Init) for HAL_GPIO_Init
    spi.o(i.MX_SPI1_Init) refers to stm32f1xx_hal_spi.o(i.HAL_SPI_Init) for HAL_SPI_Init
    spi.o(i.MX_SPI1_Init) refers to main.o(i.Error_Handler) for Error_Handler
    spi.o(i.MX_SPI1_Init) refers to spi.o(.bss) for hspi1
    tim.o(i.HAL_TIM_Base_MspDeInit) refers to stm32f1xx_hal_cortex.o(i.HAL_NVIC_DisableIRQ) for HAL_NVIC_DisableIRQ
    tim.o(i.HAL_TIM_Base_MspInit) refers to stm32f1xx_hal_cortex.o(i.HAL_NVIC_SetPriority) for HAL_NVIC_SetPriority
    tim.o(i.HAL_TIM_Base_MspInit) refers to stm32f1xx_hal_cortex.o(i.HAL_NVIC_EnableIRQ) for HAL_NVIC_EnableIRQ
    tim.o(i.MX_TIM6_Init) refers to stm32f1xx_hal_tim.o(i.HAL_TIM_Base_Init) for HAL_TIM_Base_Init
    tim.o(i.MX_TIM6_Init) refers to main.o(i.Error_Handler) for Error_Handler
    tim.o(i.MX_TIM6_Init) refers to stm32f1xx_hal_tim_ex.o(i.HAL_TIMEx_MasterConfigSynchronization) for HAL_TIMEx_MasterConfigSynchronization
    tim.o(i.MX_TIM6_Init) refers to tim.o(.bss) for htim6
    tim.o(i.MX_TIM7_Init) refers to stm32f1xx_hal_tim.o(i.HAL_TIM_Base_Init) for HAL_TIM_Base_Init
    tim.o(i.MX_TIM7_Init) refers to main.o(i.Error_Handler) for Error_Handler
    tim.o(i.MX_TIM7_Init) refers to stm32f1xx_hal_tim_ex.o(i.HAL_TIMEx_MasterConfigSynchronization) for HAL_TIMEx_MasterConfigSynchronization
    tim.o(i.MX_TIM7_Init) refers to tim.o(.bss) for htim7
    tim.o(i.delay_ms) refers to tim.o(i.delay_us) for delay_us
    tim.o(i.delay_us) refers to stm32f1xx_hal_tim.o(i.HAL_TIM_Base_Start) for HAL_TIM_Base_Start
    tim.o(i.delay_us) refers to stm32f1xx_hal_tim.o(i.HAL_TIM_Base_Stop) for HAL_TIM_Base_Stop
[...]
    Removing bmp280.o(i.bmp280PressureToAltitude), (72 bytes).
    Removing bmp280.o(i.pressureFilter), (256 bytes).
    Removing bmp280.o(.bss), (48 bytes).
    Removing bmp280.o(.data), (24 bytes).
    Removing ellipse fitting.o(i.Abs), (34 bytes).
    Removing ellipse fitting.o(i.CalcData_Input), (1528 bytes).
    Removing ellipse fitting.o(i.CalcData_Input_average), (104 bytes).
    Removing ellipse fitting.o(i.Matrix_GaussElimination), (156 bytes).
    Removing ellipse fitting.o(i.Matrix_RowSimplify), (80 bytes).
    Removing ellipse fitting.o(i.Matrix_Solve), (444 bytes).
    Removing ellipse fitting.o(i.MoveBiggestElement_to_Top), (100 bytes).
    Removing ellipse fitting.o(i.ResetMatrix), (52 bytes).
    Removing ellipse fitting.o(i.Row2_add_kRow1), (108 bytes).
    Removing ellipse fitting.o(i.Row2_swop_Row1), (96 bytes).
    Removing ellipse fitting.o(i.k_muiltply_Row), (76 bytes).
    Removing ellipse fitting.o(.bss), (384 bytes).
    Removing ellipse fitting.o(.data), (4 bytes).
    Removing filter.o(.rev16_text), (4 bytes).
    Removing filter.o(.revsh_text), (4 bytes).
    Removing filter.o(.rrx_text), (6 bytes).
    Removing filter.o(i.biquadFilterApply), (96 bytes).
    Removing filter.o(i.biquadFilterInit), (312 bytes).
    Removing filter.o(i.biquadFilterInitLPF), (52 bytes).
    Removing filter.o(i.biquadFilterInitNotch), (42 bytes).
    Removing filter.o(i.filterGetNotchQ), (98 bytes).
    Removing filter.o(i.firFilterApply), (52 bytes).
    Removing filter.o(i.firFilterInit), (26 bytes).
    Removing filter.o(i.firFilterInit2), (40 bytes).
    Removing filter.o(i.firFilterUpdate), (26 bytes).
    Removing filter.o(i.pt1FilterApply), (60 bytes).
    Removing filter.o(i.pt1FilterApply4), (108 bytes).
    Removing filter.o(i.pt1FilterInit), (48 bytes).
    Removing filter.o(i.pt1FilterReset), (4 bytes).
    Removing filter.o(i.rateLimitFilterApply4), (74 bytes).
    Removing filter.o(i.rateLimitFilterInit), (6 bytes).
    Removing kalman_filter.o(.rev16_text), (4 bytes).
    Removing kalman_filter.o(.revsh_text), (4 bytes).
    Removing kalman_filter.o(.rrx_text), (6 bytes).
    Removing maths.o(i.acos_approx), (132 bytes).
    Removing maths.o(i.applyDeadband), (34 bytes).
    Removing maths.o(i.arraySubInt32), (30 bytes).
    Removing maths.o(i.atan2_approx), (288 bytes).
    Removing maths.o(i.bellCurve), (68 bytes).
    Removing maths.o(i.buildRotationMatrix), (228 bytes).
    Removing maths.o(i.constrain), (22 bytes).
    Removing maths.o(i.constrainf), (40 bytes).
    Removing maths.o(i.cos_approx), (24 bytes).
    Removing maths.o(i.degreesToRadians), (24 bytes).
    Removing maths.o(i.devClear), (6 bytes).
    Removing maths.o(i.devPush), (112 bytes).
    Removing maths.o(i.devStandardDeviation), (18 bytes).
    Removing maths.o(i.devVariance), (34 bytes).
    Removing maths.o(i.gcd), (30 bytes).
    Removing maths.o(i.normalizeV), (104 bytes).
    Removing maths.o(i.quickMedianFilter3), (70 bytes).
    Removing maths.o(i.quickMedianFilter3_16), (110 bytes).
    Removing maths.o(i.quickMedianFilter5), (148 bytes).
    Removing maths.o(i.quickMedianFilter5_16), (234 bytes).
    Removing maths.o(i.quickMedianFilter7), (256 bytes).
    Removing maths.o(i.quickMedianFilter9), (364 bytes).
    Removing maths.o(i.rotateV), (170 bytes).
    Removing maths.o(i.scaleRange), (26 bytes).
    Removing maths.o(i.scaleRangef), (74 bytes).
    Removing maths.o(i.sensorCalibrationPushSampleForOffsetCalculation), (928 bytes).
    Removing maths.o(i.sensorCalibrationPushSampleForScaleCalculation), (182 bytes).
    Removing maths.o(i.sensorCalibrationResetState), (46 bytes).
    Removing maths.o(i.sensorCalibrationSolveForOffset), (46 bytes).
    Removing maths.o(i.sensorCalibrationSolveForScale), (42 bytes).
    Removing maths.o(i.sensorCalibration_BackwardSubstitution), (92 bytes).
    Removing maths.o(i.sensorCalibration_ForwardSubstitution), (72 bytes).
    Removing maths.o(i.sensorCalibration_SolveLGS), (56 bytes).
    Removing maths.o(i.sensorCalibration_gaussLR), (180 bytes).
    Removing maths.o(i.sin_approx), (256 bytes).
    Removing maths.o(i.wrap_18000), (32 bytes).
    Removing maths.o(i.wrap_36000), (22 bytes).
    Removing ffltui.o(.text), (10 bytes).
    Removing dflti.o(.text), (34 bytes).
    Removing dfltui.o(.text), (26 bytes).
    Removing cdcmple.o(.text), (48 bytes).
    Removing cfrcmple.o(.text), (20 bytes).
    Removing fscalb.o(.text), (24 bytes).
    Removing fsqrt.o(.text), (94 bytes).
    Removing dfixul.o(.text), (48 bytes).
    Removing ffixir.o(.text), (76 bytes).
    Removing cdrcmple.o(.text), (48 bytes).
    Removing fpstat.o(.text), (4 bytes).

606 unused section(s) (total 57916 bytes) removed from the image.

==============================================================================

Image Symbol Table

    Local Symbols

    Symbol Name                              Value     Ov Type        Size  Object(Section)

    ../Core/Src/gpio.c                       0x00000000   Number         0  gpio.o ABSOLUTE
    ../Core/Src/main.c                       0x00000000   Number         0  main.o ABSOLUTE
    ../Core/Src/spi.c                        0x00000000   Number         0  spi.o ABSOLUTE
    ../Core/Src/stm32f1xx_hal_msp.c          0x00000000   Number         0  stm32f1xx_hal_msp.o ABSOLUTE
    ../Core/Src/stm32f1xx_it.c               0x00000000   Number         0  stm32f1xx_it.o ABSOLUTE
    ../Core/Src/system_stm32f1xx.c           0x00000000   Number         0  system_stm32f1xx.o ABSOLUTE
    ../Core/Src/tim.c                        0x00000000   Number         0  tim.o ABSOLUTE
    ../Core/Src/usart.c                      0x00000000   Number         0  usart.o ABSOLUTE
    ../Drivers/STM32F1xx_HAL_Driver/Src/stm32f1xx_hal.c 0x00000000   Number         0  stm32f1xx_hal.o ABSOLUTE
    ../Drivers/STM32F1xx_HAL_Driver/Src/stm32f1xx_hal_cortex.c 0x00000000   Number         0  stm32f1xx_hal_cortex.o ABSOLUTE
    ../Drivers/STM32F1xx_HAL_Driver/Src/stm32f1xx_hal_dma.c 0x00000000   Number         0  stm32f1xx_hal_dma.o ABSOLUTE
    ../Drivers/STM32F1xx_HAL_Driver/Src/stm32f1xx_hal_exti.c 0x00000000   Number         0  stm32f1xx_hal_exti.o ABSOLUTE
    ../Drivers/STM32F1xx_HAL_Driver/Src/stm32f1xx_hal_flash.c 0x00000000   Number         0  stm32f1xx_hal_flash.o ABSOLUTE
    ../Drivers/STM32F1xx_HAL_Driver/Src/stm32f1xx_hal_flash_ex.c 0x00000000   Number         0  stm32f1xx_hal_flash_ex.o ABSOLUTE
    ../Drivers/STM32F1xx_HAL_Driver/Src/stm32f1xx_hal_gpio.c 0x00000000   Number         0  stm32f1xx_hal_gpio.o ABSOLUTE
    ../Drivers/STM32F1xx_HAL_Driver/Src/stm32f1xx_hal_gpio_ex.c 0x00000000   Number         0  stm32f1xx_hal_gpio_ex.o ABSOLUTE
    ../Drivers/STM32F1xx_HAL_Driver/Src/stm32f1xx_hal_pwr.c 0x00000000   Number         0  stm32f1xx_hal_pwr.o ABSOLUTE
    ../Drivers/STM32F1xx_HAL_Driver/Src/stm32f1xx_hal_rcc.c 0x00000000   Number         0  stm32f1xx_hal_rcc.o ABSOLUTE
    ../Drivers/STM32F1xx_HAL_Driver/Src/stm32f1xx_hal_rcc_ex.c 0x00000000   Number         0  stm32f1xx_hal_rcc_ex.o ABSOLUTE
    ../Drivers/STM32F1xx_HAL_Driver/Src/stm32f1xx_hal_spi.c 0x00000000   Number         0  stm32f1xx_hal_spi.o ABSOLUTE
    ../Drivers/STM32F1xx_HAL_Driver/Src/stm32f1xx_hal_tim.c 0x00000000   Number         0  stm32f1xx_hal_tim.o ABSOLUTE
    ../Drivers/STM32F1xx_HAL_Driver/Src/stm32f1xx_hal_tim_ex.c 0x00000000   Number         0  stm32f1xx_hal_tim_ex.o ABSOLUTE
    ../Drivers/STM32F1xx_HAL_Driver/Src/stm32f1xx_hal_uart.c 0x00000000   Number         0  stm32f1xx_hal_uart.o ABSOLUTE
    ../clib/microlib/division.c              0x00000000   Number         0  ldiv.o ABSOLUTE
    ../clib/microlib/division.c              0x00000000   Number         0  uldiv.o ABSOLUTE
    ../clib/microlib/division.c              0x00000000   Number         0  uidiv.o ABSOLUTE
    ../clib/microlib/errno.c                 0x00000000   Number         0  errno.o ABSOLUTE
    ../clib/microlib/init/entry.s            0x00000000   Number         0  entry10a.o ABSOLUTE
    ../clib/microlib/init/entry.s            0x00000000   Number         0  entry.o ABSOLUTE
    ../clib/microlib/init/entry.s            0x00000000   Number         0  entry11b.o ABSOLUTE
    ../clib/microlib/init/entry.s            0x00000000   Number         0  entry11a.o ABSOLUTE
    ../clib/microlib/init/entry.s            0x00000000   Number         0  entry10b.o ABSOLUTE
    ../clib/microlib/init/entry.s            0x00000000   Number         0  entry9b.o ABSOLUTE
    ../clib/microlib/init/entry.s            0x00000000   Number         0  entry7b.o ABSOLUTE
    ../clib/microlib/init/entry.s            0x00000000   Number         0  entry9a.o ABSOLUTE
    ../clib/microlib/init/entry.s            0x00000000   Number         0  entry8b.o ABSOLUTE
    ../clib/microlib/init/entry.s            0x00000000   Number         0  entry8a.o ABSOLUTE
    ../clib/microlib/init/entry.s            0x00000000   Number         0  entry7a.o ABSOLUTE
    ../clib/microlib/init/entry.s            0x00000000   Number         0  entry5.o ABSOLUTE
    ../clib/microlib/init/entry.s            0x00000000   Number         0  entry2.o ABSOLUTE
    ../clib/microlib/longlong.c              0x00000000   Number         0  llushr.o ABSOLUTE
    ../clib/microlib/longlong.c              0x00000000   Number         0  llshl.o ABSOLUTE
    ../clib/microlib/longlong.c              0x00000000   Number         0  llsshr.o ABSOLUTE
    ../clib/microlib/printf/printf.c         0x00000000   Number         0  printf3.o ABSOLUTE
    ../clib/microlib/printf/printf.c         0x00000000   Number         0  printf5.o ABSOLUTE
    ../clib/microlib/printf/printf.c         0x00000000   Number         0  printf2.o ABSOLUTE
    ../clib/microlib/printf/printf.c         0x00000000   Number         0  printf6.o ABSOLUTE
    ../clib/microlib/printf/printf.c         0x00000000   Number         0  printf7.o ABSOLUTE
    ../clib/microlib/printf/printf.c         0x00000000   Number         0  printf0.o ABSOLUTE
    ../clib/microlib/printf/printf.c         0x00000000   Number         0  printf8.o ABSOLUTE
    ../clib/microlib/printf/printf.c         0x00000000   Number         0  printfa.o ABSOLUTE
    ../clib/microlib/printf/printf.c         0x00000000   Number         0  printfb.o ABSOLUTE
    ../clib/microlib/printf/printf.c         0x00000000   Number         0  printf4.o ABSOLUTE
    ../clib/microlib/printf/printf.c         0x00000000   Number         0  printf1.o ABSOLUTE
    ../clib/microlib/printf/stubs.s          0x00000000   Number         0  stubs.o ABSOLUTE
    ../clib/microlib/stdio/streams.c         0x00000000   Number         0  stdout.o ABSOLUTE
    ../clib/microlib/string/memcpy.c         0x00000000   Number         0  memmoveb.o ABSOLUTE
    ../clib/microlib/string/memcpy.c         0x00000000   Number         0  memcpyb.o ABSOLUTE
    ../clib/microlib/string/memcpy.c         0x00000000   Number         0  memmovea.o ABSOLUTE
    ../clib/microlib/string/memcpy.c         0x00000000   Number         0  memcpya.o ABSOLUTE
    ../clib/microlib/string/memset.c         0x00000000   Number         0  memseta.o ABSOLUTE
    ../clib/microlib/stubs.s                 0x00000000   Number         0  iusefp.o ABSOLUTE
    ../fplib/microlib/d2f.c                  0x00000000   Number         0  d2f.o ABSOLUTE
    ../fplib/microlib/f2d.c                  0x00000000   Number         0  f2d.o ABSOLUTE
    ../fplib/microlib/fpadd.c                0x00000000   Number         0  fadd.o ABSOLUTE
    ../fplib/microlib/fpadd.c                0x00000000   Number         0  dadd.o ABSOLUTE
    ../fplib/microlib/fpdiv.c                0x00000000   Number         0  fdiv.o ABSOLUTE
    ../fplib/microlib/fpdiv.c                0x00000000   Number         0  ddiv.o ABSOLUTE
    ../fplib/microlib/fpepilogue.c           0x00000000   Number         0  fepilogue.o ABSOLUTE
    ../fplib/microlib/fpepilogue.c           0x00000000   Number         0  depilogue.o ABSOLUTE
    ../fplib/microlib/fpfix.c                0x00000000   Number         0  ffixi.o ABSOLUTE
    ../fplib/microlib/fpfix.c                0x00000000   Number         0  ffixir.o ABSOLUTE
    ../fplib/microlib/fpfix.c                0x00000000   Number         0  dfixul.o ABSOLUTE
    ../fplib/microlib/fpflt.c                0x00000000   Number         0  dfltui.o ABSOLUTE
    ../fplib/microlib/fpflt.c                0x00000000   Number         0  dflti.o ABSOLUTE
    ../fplib/microlib/fpflt.c                0x00000000   Number         0  ffltui.o ABSOLUTE
    ../fplib/microlib/fpflt.c                0x00000000   Number         0  fflti.o ABSOLUTE
    ../fplib/microlib/fpmul.c                0x00000000   Number         0  dmul.o ABSOLUTE
    ../fplib/microlib/fpmul.c                0x00000000   Number         0  fmul.o ABSOLUTE
    ../fplib/microlib/fpscalb.c              0x00000000   Number         0  dscalb.o ABSOLUTE
    ../fplib/microlib/fpscalb.c              0x00000000   Number         0  fscalb.o ABSOLUTE
    ../fplib/microlib/fpsqrt.c               0x00000000   Number         0  dsqrt.o ABSOLUTE
    ../fplib/microlib/fpsqrt.c               0x00000000   Number         0  fsqrt.o ABSOLUTE
    ../fplib/microlib/fpstat.c               0x00000000   Number         0  fpstat.o ABSOLUTE
    ../mathlib/atan.c                        0x00000000   Number         0  atan.o ABSOLUTE
    ../mathlib/atan.c                        0x00000000   Number         0  atan_x.o ABSOLUTE
    ../mathlib/dunder.c                      0x00000000   Number         0  dunder.o ABSOLUTE
    ../mathlib/fpclassify.c                  0x00000000   Number         0  fpclassify.o ABSOLUTE
    ../mathlib/fpclassifyf.c                 0x00000000   Number         0  fpclassifyf.o ABSOLUTE
    ../mathlib/funder.c                      0x00000000   Number         0  funder.o ABSOLUTE
    ../mathlib/log2f.c                       0x00000000   Number         0  log2f.o ABSOLUTE
    ../mathlib/log2f.c                       0x00000000   Number         0  log2f_x.o ABSOLUTE
    ../mathlib/poly.c                        0x00000000   Number         0  poly.o ABSOLUTE
    ../mathlib/powf.c                        0x00000000   Number         0  powf.o ABSOLUTE
    ../mathlib/powf.c                        0x00000000   Number         0  powf_x.o ABSOLUTE
    ../mathlib/sqrt.c                        0x00000000   Number         0  sqrt_x.o ABSOLUTE
    ../mathlib/sqrt.c                        0x00000000   Number         0  sqrt.o ABSOLUTE
    ../mathlib/sqrtf.c                       0x00000000   Number         0  sqrtf_x.o ABSOLUTE
    ../mathlib/sqrtf.c                       0x00000000   Number         0  sqrtf.o ABSOLUTE
    ..\Core\Src\gpio.c                       0x00000000   Number         0  gpio.o ABSOLUTE
    ..\Core\Src\main.c                       0x00000000   Number         0  main.o ABSOLUTE
    ..\Core\Src\spi.c                        0x00000000   Number         0  spi.o ABSOLUTE
    ..\Core\Src\stm32f1xx_hal_msp.c          0x00000000   Number         0  stm32f1xx_hal_msp.o ABSOLUTE
    ..\Core\Src\stm32f1xx_it.c               0x00000000   Number         0  stm32f1xx_it.o ABSOLUTE
    ..\Core\Src\system_stm32f1xx.c           0x00000000   Number         0  system_stm32f1xx.o ABSOLUTE
    ..\Core\Src\tim.c                        0x00000000   Number         0  tim.o ABSOLUTE
    ..\Core\Src\usart.c                      0x00000000   Number         0  usart.o ABSOLUTE
    ..\Drivers\STM32F1xx_HAL_Driver\Src\stm32f1xx_hal.c 0x00000000   Number         0  stm32f1xx_hal.o ABSOLUTE
    ..\Drivers\STM32F1xx_HAL_Driver\Src\stm32f1xx_hal_cortex.c 0x00000000   Number         0  stm32f1xx_hal_cortex.o ABSOLUTE
    ..\Drivers\STM32F1xx_HAL_Driver\Src\stm32f1xx_hal_dma.c 0x00000000   Number         0  stm32f1xx_hal_dma.o ABSOLUTE
    ..\Drivers\STM32F1xx_HAL_Driver\Src\stm32f1xx_hal_exti.c 0x00000000   Number         0  stm32f1xx_hal_exti.o ABSOLUTE
    ..\Drivers\STM32F1xx_HAL_Driver\Src\stm32f1xx_hal_flash.c 0x00000000   Number         0  stm32f1xx_hal_flash.o ABSOLUTE
    ..\Drivers\STM32F1xx_HAL_Driver\Src\stm32f1xx_hal_flash_ex.c 0x00000000   Number         0  stm32f1xx_hal_flash_ex.o ABSOLUTE
    ..\Drivers\STM32F1xx_HAL_Driver\Src\stm32f1xx_hal_gpio.c 0x00000000   Number         0  stm32f1xx_hal_gpio.o ABSOLUTE
    ..\Drivers\STM32F1xx_HAL_Driver\Src\stm32f1xx_hal_gpio_ex.c 0x00000000   Number         0  stm32f1xx_hal_gpio_ex.o ABSOLUTE
    ..\Drivers\STM32F1xx_HAL_Driver\Src\stm32f1xx_hal_pwr.c 0x00000000   Number         0  stm32f1xx_hal_pwr.o ABSOLUTE
    ..\Drivers\STM32F1xx_HAL_Driver\Src\stm32f1xx_hal_rcc.c 0x00000000   Number         0  stm32f1xx_hal_rcc.o ABSOLUTE
    ..\Drivers\STM32F1xx_HAL_Driver\Src\stm32f1xx_hal_rcc_ex.c 0x00000000   Number         0  stm32f1xx_hal_rcc_ex.o ABSOLUTE
    ..\Drivers\STM32F1xx_HAL_Driver\Src\stm32f1xx_hal_spi.c 0x00000000   Number         0  stm32f1xx_hal_spi.o ABSOLUTE
    ..\Drivers\STM32F1xx_HAL_Driver\Src\stm32f1xx_hal_tim.c 0x00000000   Number         0  stm32f1xx_hal_tim.o ABSOLUTE
    ..\Drivers\STM32F1xx_HAL_Driver\Src\stm32f1xx_hal_tim_ex.c 0x00000000   Number         0  stm32f1xx_hal_tim_ex.o ABSOLUTE
    ..\Drivers\STM32F1xx_HAL_Driver\Src\stm32f1xx_hal_uart.c 0x00000000   Number         0  stm32f1xx_hal_uart.o ABSOLUTE
    ..\Drivers\mydriver\ANO_DT.c             0x00000000   Number         0  ano_dt.o ABSOLUTE
    ..\Drivers\mydriver\ak8963.c             0x00000000   Number         0  ak8963.o ABSOLUTE
    ..\Drivers\mydriver\bmp280.c             0x00000000   Number         0  bmp280.o ABSOLUTE
    ..\Drivers\mydriver\mpu6050.c            0x00000000   Number         0  mpu6050.o ABSOLUTE
    ..\Drivers\mydriver\mpuiic.c             0x00000000   Number         0  mpuiic.o ABSOLUTE
    ..\Drivers\mydriver\pwm3901.c            0x00000000   Number         0  pwm3901.o ABSOLUTE
    ..\\Drivers\\mydriver\\ANO_DT.c          0x00000000   Number         0  ano_dt.o ABSOLUTE
    ..\\Drivers\\mydriver\\ak8963.c          0x00000000   Number         0  ak8963.o ABSOLUTE
    ..\\Drivers\\mydriver\\bmp280.c          0x00000000   Number         0  bmp280.o ABSOLUTE
    ..\\Drivers\\mydriver\\mpu6050.c         0x00000000   Number         0  mpu6050.o ABSOLUTE
    ..\\Drivers\\mydriver\\mpuiic.c          0x00000000   Number         0  mpuiic.o ABSOLUTE
    ..\\Drivers\\mydriver\\pwm3901.c         0x00000000   Number         0  pwm3901.o ABSOLUTE
    ..\\math\\Kalman_Filter.c                0x00000000   Number         0  kalman_filter.o ABSOLUTE
    ..\\math\\filter.c                       0x00000000   Number         0  filter.o ABSOLUTE
    ..\math\Ellipse Fitting.c                0x00000000   Number         0  ellipse fitting.o ABSOLUTE
    ..\math\Kalman_Filter.c                  0x00000000   Number         0  kalman_filter.o ABSOLUTE
    ..\math\filter.c                         0x00000000   Number         0  filter.o ABSOLUTE
    ..\math\maths.c                          0x00000000   Number         0  maths.o ABSOLUTE
    cdcmple.s                                0x00000000   Number         0  cdcmple.o ABSOLUTE
    cdrcmple.s                               0x00000000   Number         0  cdrcmple.o ABSOLUTE
    cfcmple.s                                0x00000000   Number         0  cfcmple.o ABSOLUTE
    cfrcmple.s                               0x00000000   Number         0  cfrcmple.o ABSOLUTE
    dc.s                                     0x00000000   Number         0  dc.o ABSOLUTE
    handlers.s                               0x00000000   Number         0  handlers.o ABSOLUTE
    init.s                                   0x00000000   Number         0  init.o ABSOLUTE
    startup_stm32f103xe.s                    0x00000000   Number         0  startup_stm32f103xe.o ABSOLUTE
    RESET                                    0x08000000   Section      304  startup_stm32f103xe.o(RESET)
    .ARM.Collect$$$$00000000                 0x08000130   Section        0  entry.o(.ARM.Collect$$$$00000000)
    .ARM.Collect$$$$00000001                 0x08000130   Section        4  entry2.o(.ARM.Collect$$$$00000001)
    .ARM.Collect$$$$00000004                 0x08000134   Section        4  entry5.o(.ARM.Collect$$$$00000004)
    .ARM.Collect$$$$00000008                 0x08000138   Section        0  entry7b.o(.ARM.Collect$$$$00000008)
    .ARM.Collect$$$$0000000A                 0x08000138   Section        0  entry8b.o(.ARM.Collect$$$$0000000A)
    .ARM.Collect$$$$0000000B                 0x08000138   Section        8  entry9a.o(.ARM.Collect$$$$0000000B)
    .ARM.Collect$$$$0000000D                 0x08000140   Section        0  entry10a.o(.ARM.Collect$$$$0000000D)
    .ARM.Collect$$$$0000000F                 0x08000140   Section        0  entry11a.o(.ARM.Collect$$$$0000000F)
    .ARM.Collect$$$$00002712                 0x08000140   Section        4  entry2.o(.ARM.Collect$$$$00002712)
    __lit__00000000                          0x08000140   Data           4  entry2.o(.ARM.Collect$$$$00002712)
    .text                                    0x08000144   Section       36  startup_stm32f103xe.o(.text)
    .text                                    0x08000168   Section        0  llushr.o(.text)
    .text                                    0x08000188   Section        0  memseta.o(.text)
    .text                                    0x080001ac   Section        0  fadd.o(.text)
    .text                                    0x0800025c   Section        0  fmul.o(.text)
    .text                                    0x080002c0   Section        0  fdiv.o(.text)
    .text                                    0x0800033c   Section        0  dadd.o(.text)
    .text                                    0x0800048a   Section        0  dmul.o(.text)
    .text                                    0x0800056e   Section        0  ddiv.o(.text)
    .text                                    0x0800064c   Section        0  fflti.o(.text)
    .text                                    0x0800065e   Section        0  ffixi.o(.text)
    .text                                    0x08000690   Section        0  f2d.o(.text)
    .text                                    0x080006b6   Section        0  d2f.o(.text)
    .text                                    0x080006f0   Section       20  cfcmple.o(.text)
    .text                                    0x08000704   Section        0  uldiv.o(.text)
    .text                                    0x08000766   Section        0  llshl.o(.text)
    .text                                    0x08000784   Section        0  llsshr.o(.text)
    .text                                    0x080007a8   Section        0  fepilogue.o(.text)
    .text                                    0x080007a8   Section        0  iusefp.o(.text)
    .text                                    0x08000816   Section        0  depilogue.o(.text)
    .text                                    0x080008d0   Section        0  dscalb.o(.text)
    .text                                    0x080008fe   Section        0  dsqrt.o(.text)
    .text                                    0x080009a0   Section       36  init.o(.text)
    i.ABs                                    0x080009c4   Section        0  ellipse fitting.o(i.ABs)
    i.ANO_DT_Send_Data                       0x080009dc   Section        0  ano_dt.o(i.ANO_DT_Send_Data)
    i.ANO_DT_Send_Senser                     0x080009f0   Section        0  ano_dt.o(i.ANO_DT_Send_Senser)
    i.BusFault_Handler                       0x08000b6c   Section        0  stm32f1xx_it.o(i.BusFault_Handler)
    i.DebugMon_Handler                       0x08000b70   Section        0  stm32f1xx_it.o(i.DebugMon_Handler)
    i.Error_Handler                          0x08000b72   Section        0  main.o(i.Error_Handler)
    i.Get_Acc                                0x08000b74   Section        0  mpu6050.o(i.Get_Acc)
    i.Get_Gyro                               0x08000c00   Section        0  mpu6050.o(i.Get_Gyro)
    i.HAL_DMA_Abort                          0x08000c86   Section        0  stm32f1xx_hal_dma.o(i.HAL_DMA_Abort)
    i.HAL_DMA_Abort_IT                       0x08000cdc   Section        0  stm32f1xx_hal_dma.o(i.HAL_DMA_Abort_IT)
    i.HAL_Delay                              0x08000e84   Section        0  stm32f1xx_hal.o(i.HAL_Delay)
    i.HAL_GPIO_Init                          0x08000eac   Section        0  stm32f1xx_hal_gpio.o(i.HAL_GPIO_Init)
    i.HAL_GPIO_WritePin                      0x080011ec   Section        0  stm32f1xx_hal_gpio.o(i.HAL_GPIO_WritePin)
    i.HAL_GetTick                            0x080011f8   Section        0  stm32f1xx_hal.o(i.HAL_GetTick)
    i.HAL_IncTick                            0x08001204   Section        0  stm32f1xx_hal.o(i.HAL_IncTick)
    i.HAL_Init                               0x0800121c   Section        0  stm32f1xx_hal.o(i.HAL_Init)
    i.HAL_InitTick                           0x08001244   Section        0  stm32f1xx_hal.o(i.HAL_InitTick)
    i.HAL_MspInit                            0x08001290   Section        0  stm32f1xx_hal_msp.o(i.HAL_MspInit)
    i.HAL_NVIC_EnableIRQ                     0x080012e4   Section        0  stm32f1xx_hal_cortex.o(i.HAL_NVIC_EnableIRQ)
    i.HAL_NVIC_SetPriority                   0x08001304   Section        0  stm32f1xx_hal_cortex.o(i.HAL_NVIC_SetPriority)
    i.HAL_NVIC_SetPriorityGrouping           0x08001380   Section        0  stm32f1xx_hal_cortex.o(i.HAL_NVIC_SetPriorityGrouping)
    i.HAL_RCC_ClockConfig                    0x080013a8   Section        0  stm32f1xx_hal_rcc.o(i.HAL_RCC_ClockConfig)
    i.HAL_RCC_GetHCLKFreq                    0x08001534   Section        0  stm32f1xx_hal_rcc.o(i.HAL_RCC_GetHCLKFreq)
    i.HAL_RCC_GetPCLK1Freq                   0x08001540   Section        0  stm32f1xx_hal_rcc.o(i.HAL_RCC_GetPCLK1Freq)
    i.HAL_RCC_GetPCLK2Freq                   0x08001560   Section        0  stm32f1xx_hal_rcc.o(i.HAL_RCC_GetPCLK2Freq)
    i.HAL_RCC_GetSysClockFreq                0x08001580   Section        0  stm32f1xx_hal_rcc.o(i.HAL_RCC_GetSysClockFreq)
    i.HAL_RCC_OscConfig                      0x08001614   Section        0  stm32f1xx_hal_rcc.o(i.HAL_RCC_OscConfig)
    i.HAL_SPI_Init                           0x08001a78   Section        0  stm32f1xx_hal_spi.o(i.HAL_SPI_Init)
    i.HAL_SPI_MspInit                        0x08001b38   Section        0  spi.o(i.HAL_SPI_MspInit)
    i.HAL_SYSTICK_Config                     0x08001bbc   Section        0  stm32f1xx_hal_cortex.o(i.HAL_SYSTICK_Config)
    i.HAL_TIMEx_BreakCallback                0x08001bf0   Section        0  stm32f1xx_hal_tim_ex.o(i.HAL_TIMEx_BreakCallback)
    i.HAL_TIMEx_CommutCallback               0x08001bf2   Section        0  stm32f1xx_hal_tim_ex.o(i.HAL_TIMEx_CommutCallback)
    i.HAL_TIMEx_MasterConfigSynchronization  0x08001bf4   Section        0  stm32f1xx_hal_tim_ex.o(i.HAL_TIMEx_MasterConfigSynchronization)
    i.HAL_TIM_Base_Init                      0x08001c90   Section        0  stm32f1xx_hal_tim.o(i.HAL_TIM_Base_Init)
    i.HAL_TIM_Base_MspInit                   0x08001cf8   Section        0  tim.o(i.HAL_TIM_Base_MspInit)
    i.HAL_TIM_Base_Start                     0x08001d64   Section        0  stm32f1xx_hal_tim.o(i.HAL_TIM_Base_Start)
    i.HAL_TIM_Base_Stop                      0x08001de8   Section        0  stm32f1xx_hal_tim.o(i.HAL_TIM_Base_Stop)
    i.HAL_TIM_IC_CaptureCallback             0x08001e1a   Section        0  stm32f1xx_hal_tim.o(i.HAL_TIM_IC_CaptureCallback)
    i.HAL_TIM_IRQHandler                     0x08001e1c   Section        0  stm32f1xx_hal_tim.o(i.HAL_TIM_IRQHandler)
    i.HAL_TIM_OC_DelayElapsedCallback        0x08001fb2   Section        0  stm32f1xx_hal_tim.o(i.HAL_TIM_OC_DelayElapsedCallback)
    i.HAL_TIM_PWM_PulseFinishedCallback      0x08001fb4   Section        0  stm32f1xx_hal_tim.o(i.HAL_TIM_PWM_PulseFinishedCallback)
    i.HAL_TIM_PeriodElapsedCallback          0x08001fb6   Section        0  main.o(i.HAL_TIM_PeriodElapsedCallback)
    i.HAL_TIM_TriggerCallback                0x08001fb8   Section        0  stm32f1xx_hal_tim.o(i.HAL_TIM_TriggerCallback)
    i.HAL_UARTEx_RxEventCallback             0x08001fba   Section        0  stm32f1xx_hal_uart.o(i.HAL_UARTEx_RxEventCallback)
    i.HAL_UART_ErrorCallback                 0x08001fbc   Section        0  stm32f1xx_hal_uart.o(i.HAL_UART_ErrorCallback)
    i.HAL_UART_IRQHandler                    0x08001fc0   Section        0  stm32f1xx_hal_uart.o(i.HAL_UART_IRQHandler)
    i.HAL_UART_Init                          0x0800220c   Section        0  stm32f1xx_hal_uart.o(i.HAL_UART_Init)
    i.HAL_UART_MspInit                       0x08002280   Section        0  usart.o(i.HAL_UART_MspInit)
    i.HAL_UART_RxCpltCallback                0x08002318   Section        0  stm32f1xx_hal_uart.o(i.HAL_UART_RxCpltCallback)
    i.HAL_UART_Transmit                      0x0800231a   Section        0  stm32f1xx_hal_uart.o(i.HAL_UART_Transmit)
    i.HAL_UART_TxCpltCallback                0x080023ec   Section        0  stm32f1xx_hal_uart.o(i.HAL_UART_TxCpltCallback)
    i.HardFault_Handler                      0x080023ee   Section        0  stm32f1xx_it.o(i.HardFault_Handler)
    i.KalmanCalculation                      0x080023f4   Section        0  kalman_filter.o(i.KalmanCalculation)
    i.MPU_IIC_Ack                            0x0800275c   Section        0  mpuiic.o(i.MPU_IIC_Ack)
    i.MPU_IIC_Delay                          0x080027a8   Section        0  mpuiic.o(i.MPU_IIC_Delay)
    i.MPU_IIC_NAck                           0x080027b4   Section        0  mpuiic.o(i.MPU_IIC_NAck)
    i.MPU_IIC_Read_Byte                      0x08002800   Section        0  mpuiic.o(i.MPU_IIC_Read_Byte)
    i.MPU_IIC_Send_Byte                      0x0800286c   Section        0  mpuiic.o(i.MPU_IIC_Send_Byte)
    i.MPU_IIC_Start                          0x080028c8   Section        0  mpuiic.o(i.MPU_IIC_Start)
    i.MPU_IIC_Stop                           0x08002910   Section        0  mpuiic.o(i.MPU_IIC_Stop)
    i.MPU_IIC_Wait_Ack                       0x08002958   Section        0  mpuiic.o(i.MPU_IIC_Wait_Ack)
    i.MPU_Init                               0x080029bc   Section        0  mpu6050.o(i.MPU_Init)
    i.MPU_Read_Byte                          0x08002a32   Section        0  mpu6050.o(i.MPU_Read_Byte)
    i.MPU_Read_Len                           0x08002a6c   Section        0  mpu6050.o(i.MPU_Read_Len)
    i.MPU_Set_Accel_Fsr                      0x08002ae0   Section        0  mpu6050.o(i.MPU_Set_Accel_Fsr)
    i.MPU_Set_Gyro_Fsr                       0x08002af0   Section        0  mpu6050.o(i.MPU_Set_Gyro_Fsr)
    i.MPU_Set_LPF                            0x08002b00   Section        0  mpu6050.o(i.MPU_Set_LPF)
    i.MPU_Set_Rate                           0x08002b3a   Section        0  mpu6050.o(i.MPU_Set_Rate)
    i.MPU_Write_Byte                         0x08002b74   Section        0  mpu6050.o(i.MPU_Write_Byte)
    i.MX_GPIO_Init                           0x08002bb8   Section        0  gpio.o(i.MX_GPIO_Init)
    i.MX_SPI1_Init                           0x08002c78   Section        0  spi.o(i.MX_SPI1_Init)
    i.MX_TIM6_Init                           0x08002cbc   Section        0  tim.o(i.MX_TIM6_Init)
    i.MX_TIM7_Init                           0x08002d08   Section        0  tim.o(i.MX_TIM7_Init)
    i.MX_USART1_UART_Init                    0x08002d50   Section        0  usart.o(i.MX_USART1_UART_Init)
    i.MemManage_Handler                      0x08002d88   Section        0  stm32f1xx_it.o(i.MemManage_Handler)
    i.NMI_Handler                            0x08002d8c   Section        0  stm32f1xx_it.o(i.NMI_Handler)
    i.Output                                 0x08002d8e   Section        0  kalman_filter.o(i.Output)
    i.PendSV_Handler                         0x08002daa   Section        0  stm32f1xx_it.o(i.PendSV_Handler)
    i.RCC_Delay                              0x08002dac   Section        0  stm32f1xx_hal_rcc.o(i.RCC_Delay)
    RCC_Delay                                0x08002dad   Thumb Code    36  stm32f1xx_hal_rcc.o(i.RCC_Delay)
    i.SVC_Handler                            0x08002dd4   Section        0  stm32f1xx_it.o(i.SVC_Handler)
    i.SysTick_Handler                        0x08002dd6   Section        0  stm32f1xx_it.o(i.SysTick_Handler)
    i.SystemClock_Config                     0x08002dde   Section        0  main.o(i.SystemClock_Config)
    i.SystemInit                             0x08002e44   Section        0  system_stm32f1xx.o(i.SystemInit)
    i.TIM6_IRQHandler                        0x08002e48   Section        0  stm32f1xx_it.o(i.TIM6_IRQHandler)
    i.TIM_Base_SetConfig                     0x08002e58   Section        0  stm32f1xx_hal_tim.o(i.TIM_Base_SetConfig)
    i.UART_DMAAbortOnError                   0x08002ef4   Section        0  stm32f1xx_hal_uart.o(i.UART_DMAAbortOnError)
    UART_DMAAbortOnError                     0x08002ef5   Thumb Code    20  stm32f1xx_hal_uart.o(i.UART_DMAAbortOnError)
    i.UART_EndRxTransfer                     0x08002f08   Section        0  stm32f1xx_hal_uart.o(i.UART_EndRxTransfer)
    UART_EndRxTransfer                       0x08002f09   Thumb Code    54  stm32f1xx_hal_uart.o(i.UART_EndRxTransfer)
    i.UART_EndTransmit_IT                    0x08002f3e   Section        0  stm32f1xx_hal_uart.o(i.UART_EndTransmit_IT)
    UART_EndTransmit_IT                      0x08002f3f   Thumb Code    32  stm32f1xx_hal_uart.o(i.UART_EndTransmit_IT)
    i.UART_Receive_IT                        0x08002f5e   Section        0  stm32f1xx_hal_uart.o(i.UART_Receive_IT)
    UART_Receive_IT                          0x08002f5f   Thumb Code   228  stm32f1xx_hal_uart.o(i.UART_Receive_IT)
    i.UART_SetConfig                         0x08003044   Section        0  stm32f1xx_hal_uart.o(i.UART_SetConfig)
    UART_SetConfig                           0x08003045   Thumb Code   248  stm32f1xx_hal_uart.o(i.UART_SetConfig)
    i.UART_Transmit_IT                       0x08003140   Section        0  stm32f1xx_hal_uart.o(i.UART_Transmit_IT)
    UART_Transmit_IT                         0x08003141   Thumb Code    96  stm32f1xx_hal_uart.o(i.UART_Transmit_IT)
    i.UART_WaitOnFlagUntilTimeout            0x080031a0   Section        0  stm32f1xx_hal_uart.o(i.UART_WaitOnFlagUntilTimeout)
    UART_WaitOnFlagUntilTimeout              0x080031a1   Thumb Code   108  stm32f1xx_hal_uart.o(i.UART_WaitOnFlagUntilTimeout)
    i.USART1_IRQHandler                      0x0800320c   Section        0  stm32f1xx_it.o(i.USART1_IRQHandler)
    i.UsageFault_Handler                     0x0800321c   Section        0  stm32f1xx_it.o(i.UsageFault_Handler)
    i.Usart_Send                             0x08003220   Section        0  usart.o(i.Usart_Send)
    i.__0printf$5                            0x0800324c   Section        0  printf5.o(i.__0printf$5)
    i.__ARM_fpclassify                       0x0800326c   Section        0  fpclassify.o(i.__ARM_fpclassify)
    i.__NVIC_GetPriorityGrouping             0x08003294   Section        0  stm32f1xx_hal_cortex.o(i.__NVIC_GetPriorityGrouping)
    __NVIC_GetPriorityGrouping               0x08003295   Thumb Code    10  stm32f1xx_hal_cortex.o(i.__NVIC_GetPriorityGrouping)
    i.__NVIC_SetPriority                     0x080032a4   Section        0  stm32f1xx_hal_cortex.o(i.__NVIC_SetPriority)
    __NVIC_SetPriority                       0x080032a5   Thumb Code    32  stm32f1xx_hal_cortex.o(i.__NVIC_SetPriority)
    i.__kernel_poly                          0x080032cc   Section        0  poly.o(i.__kernel_poly)
    i.__mathlib_dbl_infnan                   0x08003376   Section        0  dunder.o(i.__mathlib_dbl_infnan)
    i.__mathlib_dbl_underflow                0x0800337c   Section        0  dunder.o(i.__mathlib_dbl_underflow)
    i.__scatterload_copy                     0x0800338c   Section       14  handlers.o(i.__scatterload_copy)
    i.__scatterload_null                     0x0800339a   Section        2  handlers.o(i.__scatterload_null)
    i.__scatterload_zeroinit                 0x0800339c   Section       14  handlers.o(i.__scatterload_zeroinit)
    i.__set_errno                            0x080033ac   Section        0  errno.o(i.__set_errno)
    i._printf_core                           0x080033b8   Section        0  printf5.o(i._printf_core)
    _printf_core                             0x080033b9   Thumb Code   658  printf5.o(i._printf_core)
    i.atan                                   0x08003678   Section        0  atan.o(i.atan)
    i.delay_ms                               0x08003898   Section        0  tim.o(i.delay_ms)
    i.delay_us                               0x080038ac   Section        0  tim.o(i.delay_us)
    i.fputc                                  0x080038e4   Section        0  main.o(i.fputc)
    i.main                                   0x08003900   Section        0  main.o(i.main)
    i.sqrt                                   0x08003948   Section        0  sqrt.o(i.sqrt)
    .constdata                               0x08003994   Section       24  system_stm32f1xx.o(.constdata)
    .constdata                               0x080039b0   Section      152  atan.o(.constdata)
    atanhi                                   0x080039b0   Data          32  atan.o(.constdata)
    atanlo                                   0x080039d0   Data          32  atan.o(.constdata)
    aTodd                                    0x080039f0   Data          40  atan.o(.constdata)
    aTeven                                   0x08003a18   Data          48  atan.o(.constdata)
    .data                                    0x20000000   Section        9  stm32f1xx_hal.o(.data)
    .data                                    0x2000000c   Section        4  system_stm32f1xx.o(.data)
    .data                                    0x20000010   Section       88  kalman_filter.o(.data)
    .data                                    0x20000068   Section        4  stdout.o(.data)
    .data                                    0x2000006c   Section        4  errno.o(.data)
    _errno                                   0x2000006c   Data           4  errno.o(.data)
    .bss                                     0x20000070   Section       88  spi.o(.bss)
    .bss                                     0x200000c8   Section      144  tim.o(.bss)
    .bss                                     0x20000158   Section       68  usart.o(.bss)
    .bss                                     0x2000019c   Section       63  ano_dt.o(.bss)
    STACK                                    0x200001e0   Section     1024  startup_stm32f103xe.o(STACK)

    Global Symbols

    Symbol Name                              Value     Ov Type        Size  Object(Section)

    BuildAttributes$$THM_ISAv4$P$D$K$B$S$PE$A:L22UL41UL21$X:L11$S22US41US21$IEEE1$IW$USESV6$~STKCKD$USESV7$~SHL$OTIME$ROPI$IEEEX$EBA8$MICROLIB$REQ8$PRES8$EABIv2 0x00000000   Number         0  anon$$obj.o ABSOLUTE
    __ARM_use_no_argv                        0x00000000   Number         0  main.o ABSOLUTE
    _printf_a                                0x00000000   Number         0  stubs.o ABSOLUTE
    _printf_c                                0x00000000   Number         0  stubs.o ABSOLUTE
    _printf_charcount                        0x00000000   Number         0  stubs.o ABSOLUTE
    _printf_d                                0x00000000   Number         0  stubs.o ABSOLUTE
    _printf_e                                0x00000000   Number         0  stubs.o ABSOLUTE
    _printf_f                                0x00000000   Number         0  stubs.o ABSOLUTE
    _printf_flags                            0x00000000   Number         0  stubs.o ABSOLUTE
    _printf_fp_dec                           0x00000000   Number         0  stubs.o ABSOLUTE
    _printf_fp_hex                           0x00000000   Number         0  stubs.o ABSOLUTE
    _printf_g                                0x00000000   Number         0  stubs.o ABSOLUTE
    _printf_i                                0x00000000   Number         0  stubs.o ABSOLUTE
    _printf_int_dec                          0x00000000   Number         0  stubs.o ABSOLUTE
    _printf_l                                0x00000000   Number         0  stubs.o ABSOLUTE
    _printf_lc                               0x00000000   Number         0  stubs.o ABSOLUTE
    _printf_ll                               0x00000000   Number         0  stubs.o ABSOLUTE
    _printf_lld                              0x00000000   Number         0  stubs.o ABSOLUTE
    _printf_lli                              0x00000000   Number         0  stubs.o ABSOLUTE
    _printf_llo                              0x00000000   Number         0  stubs.o ABSOLUTE
    _printf_llu                              0x00000000   Number         0  stubs.o ABSOLUTE
    _printf_llx                              0x00000000   Number         0  stubs.o ABSOLUTE
    _printf_longlong_dec                     0x00000000   Number         0  stubs.o ABSOLUTE
    _printf_longlong_hex                     0x00000000   Number         0  stubs.o ABSOLUTE
    _printf_longlong_oct                     0x00000000   Number         0  stubs.o ABSOLUTE
    _printf_ls                               0x00000000   Number         0  stubs.o ABSOLUTE
    _printf_mbtowc                           0x00000000   Number         0  stubs.o ABSOLUTE
    _printf_n                                0x00000000   Number         0  stubs.o ABSOLUTE
    _printf_o                                0x00000000   Number         0  stubs.o ABSOLUTE
    _printf_p                                0x00000000   Number         0  stubs.o ABSOLUTE
    _printf_percent                          0x00000000   Number         0  stubs.o ABSOLUTE
    _printf_pre_padding                      0x00000000   Number         0  stubs.o ABSOLUTE
    _printf_return_value                     0x00000000   Number         0  stubs.o ABSOLUTE
    _printf_s                                0x00000000   Number         0  stubs.o ABSOLUTE
    _printf_sizespec                         0x00000000   Number         0  stubs.o ABSOLUTE
    _printf_str                              0x00000000   Number         0  stubs.o ABSOLUTE
    _printf_truncate_signed                  0x00000000   Number         0  stubs.o ABSOLUTE
    _printf_truncate_unsigned                0x00000000   Number         0  stubs.o ABSOLUTE
    _printf_u                                0x00000000   Number         0  stubs.o ABSOLUTE
    _printf_wc                               0x00000000   Number         0  stubs.o ABSOLUTE
    _printf_wctomb                           0x00000000   Number         0  stubs.o ABSOLUTE
    _printf_widthprec                        0x00000000   Number         0  stubs.o ABSOLUTE
    _printf_x                                0x00000000   Number         0  stubs.o ABSOLUTE
    __cpp_initialize__aeabi_                  - Undefined Weak Reference
    __cxa_finalize                            - Undefined Weak Reference
    __decompress                              - Undefined Weak Reference
    _clock_init                               - Undefined Weak Reference
    _microlib_exit                            - Undefined Weak Reference
    __Vectors_Size                           0x00000130   Number         0  startup_stm32f103xe.o ABSOLUTE
    __Vectors                                0x08000000   Data           4  startup_stm32f103xe.o(RESET)
    __Vectors_End                            0x08000130   Data           0  startup_stm32f103xe.o(RESET)
    __main                                   0x08000131   Thumb Code     0  entry.o(.ARM.Collect$$$$00000000)
    _main_stk                                0x08000131   Thumb Code     0  entry2.o(.ARM.Collect$$$$00000001)
    _main_scatterload                        0x08000135   Thumb Code     0  entry5.o(.ARM.Collect$$$$00000004)
    __main_after_scatterload                 0x08000139   Thumb Code     0  entry5.o(.ARM.Collect$$$$00000004)
    _main_clock                              0x08000139   Thumb Code     0  entry7b.o(.ARM.Collect$$$$00000008)
    _main_cpp_init                           0x08000139   Thumb Code     0  entry8b.o(.ARM.Collect$$$$0000000A)
    _main_init                               0x08000139   Thumb Code     0  entry9a.o(.ARM.Collect$$$$0000000B)
    __rt_final_cpp                           0x08000141   Thumb Code     0  entry10a.o(.ARM.Collect$$$$0000000D)
    __rt_final_exit                          0x08000141   Thumb Code     0  entry11a.o(.ARM.Collect$$$$0000000F)
    Reset_Handler                            0x08000145   Thumb Code     8  startup_stm32f103xe.o(.text)
    ADC1_2_IRQHandler                        0x0800015f   Thumb Code     0  startup_stm32f103xe.o(.text)
    ADC3_IRQHandler                          0x0800015f   Thumb Code     0  startup_stm32f103xe.o(.text)
    CAN1_RX1_IRQHandler                      0x0800015f   Thumb Code     0  startup_stm32f103xe.o(.text)
    CAN1_SCE_IRQHandler                      0x0800015f   Thumb Code     0  startup_stm32f103xe.o(.text)
    DMA1_Channel1_IRQHandler                 0x0800015f   Thumb Code     0  startup_stm32f103xe.o(.text)
    DMA1_Channel2_IRQHandler                 0x0800015f   Thumb Code     0  startup_stm32f103xe.o(.text)
    DMA1_Channel3_IRQHandler                 0x0800015f   Thumb Code     0  startup_stm32f103xe.o(.text)
    DMA1_Channel4_IRQHandler                 0x0800015f   Thumb Code     0  startup_stm32f103xe.o(.text)
    DMA1_Channel5_IRQHandler                 0x0800015f   Thumb Code     0  startup_stm32f103xe.o(.text)
    DMA1_Channel6_IRQHandler                 0x0800015f   Thumb Code     0  startup_stm32f103xe.o(.text)
    DMA1_Channel7_IRQHandler                 0x0800015f   Thumb Code     0  startup_stm32f103xe.o(.text)
    DMA2_Channel1_IRQHandler                 0x0800015f   Thumb Code     0  startup_stm32f103xe.o(.text)
    DMA2_Channel2_IRQHandler                 0x0800015f   Thumb Code     0  startup_stm32f103xe.o(.text)
    DMA2_Channel3_IRQHandler                 0x0800015f   Thumb Code     0  startup_stm32f103xe.o(.text)
    DMA2_Channel4_5_IRQHandler               0x0800015f   Thumb Code     0  startup_stm32f103xe.o(.text)
    EXTI0_IRQHandler                         0x0800015f   Thumb Code     0  startup_stm32f103xe.o(.text)
    EXTI15_10_IRQHandler                     0x0800015f   Thumb Code     0  startup_stm32f103xe.o(.text)
    EXTI1_IRQHandler                         0x0800015f   Thumb Code     0  startup_stm32f103xe.o(.text)
    EXTI2_IRQHandler                         0x0800015f   Thumb Code     0  startup_stm32f103xe.o(.text)
    EXTI3_IRQHandler                         0x0800015f   Thumb Code     0  startup_stm32f103xe.o(.text)
    EXTI4_IRQHandler                         0x0800015f   Thumb Code     0  startup_stm32f103xe.o(.text)
    EXTI9_5_IRQHandler                       0x0800015f   Thumb Code     0  startup_stm32f103xe.o(.text)
    FLASH_IRQHandler                         0x0800015f   Thumb Code     0  startup_stm32f103xe.o(.text)
    FSMC_IRQHandler                          0x0800015f   Thumb Code     0  startup_stm32f103xe.o(.text)
    I2C1_ER_IRQHandler                       0x0800015f   Thumb Code     0  startup_stm32f103xe.o(.text)
    I2C1_EV_IRQHandler                       0x0800015f   Thumb Code     0  startup_stm32f103xe.o(.text)
    I2C2_ER_IRQHandler                       0x0800015f   Thumb Code     0  startup_stm32f103xe.o(.text)
    I2C2_EV_IRQHandler                       0x0800015f   Thumb Code     0  startup_stm32f103xe.o(.text)
    PVD_IRQHandler                           0x0800015f   Thumb Code     0  startup_stm32f103xe.o(.text)
    RCC_IRQHandler                           0x0800015f   Thumb Code     0  startup_stm32f103xe.o(.text)
    RTC_Alarm_IRQHandler                     0x0800015f   Thumb Code     0  startup_stm32f103xe.o(.text)
    RTC_IRQHandler                           0x0800015f   Thumb Code     0  startup_stm32f103xe.o(.text)
    SDIO_IRQHandler                          0x0800015f   Thumb Code     0  startup_stm32f103xe.o(.text)
    SPI1_IRQHandler                          0x0800015f   Thumb Code     0  startup_stm32f103xe.o(.text)
    SPI2_IRQHandler                          0x0800015f   Thumb Code     0  startup_stm32f103xe.o(.text)
    SPI3_IRQHandler                          0x0800015f   Thumb Code     0  startup_stm32f103xe.o(.text)
    TAMPER_IRQHandler                        0x0800015f   Thumb Code     0  startup_stm32f103xe.o(.text)
    TIM1_BRK_IRQHandler                      0x0800015f   Thumb Code     0  startup_stm32f103xe.o(.text)
    TIM1_CC_IRQHandler                       0x0800015f   Thumb Code     0  startup_stm32f103xe.o(.text)
    TIM1_TRG_COM_IRQHandler                  0x0800015f   Thumb Code     0  startup_stm32f103xe.o(.text)
    TIM1_UP_IRQHandler                       0x0800015f   Thumb Code     0  startup_stm32f103xe.o(.text)
    TIM2_IRQHandler                          0x0800015f   Thumb Code     0  startup_stm32f103xe.o(.text)
    TIM3_IRQHandler                          0x0800015f   Thumb Code     0  startup_stm32f103xe.o(.text)
    TIM4_IRQHandler                          0x0800015f   Thumb Code     0  startup_stm32f103xe.o(.text)
    TIM5_IRQHandler                          0x0800015f   Thumb Code     0  startup_stm32f103xe.o(.text)
    TIM7_IRQHandler                          0x0800015f   Thumb Code     0  startup_stm32f103xe.o(.text)
    TIM8_BRK_IRQHandler                      0x0800015f   Thumb Code     0  startup_stm32f103xe.o(.text)
    TIM8_CC_IRQHandler                       0x0800015f   Thumb Code     0  startup_stm32f103xe.o(.text)
    TIM8_TRG_COM_IRQHandler                  0x0800015f   Thumb Code     0  startup_stm32f103xe.o(.text)
    TIM8_UP_IRQHandler                       0x0800015f   Thumb Code     0  startup_stm32f103xe.o(.text)
    UART4_IRQHandler                         0x0800015f   Thumb Code     0  startup_stm32f103xe.o(.text)
    UART5_IRQHandler                         0x0800015f   Thumb Code     0  startup_stm32f103xe.o(.text)
    USART2_IRQHandler                        0x0800015f   Thumb Code     0  startup_stm32f103xe.o(.text)
    USART3_IRQHandler                        0x0800015f   Thumb Code     0  startup_stm32f103xe.o(.text)
    USBWakeUp_IRQHandler                     0x0800015f   Thumb Code     0  startup_stm32f103xe.o(.text)
    USB_HP_CAN1_TX_IRQHandler                0x0800015f   Thumb Code     0  startup_stm32f103xe.o(.text)
    USB_LP_CAN1_RX0_IRQHandler               0x0800015f   Thumb Code     0  startup_stm32f103xe.o(.text)
    WWDG_IRQHandler                          0x0800015f   Thumb Code     0  startup_stm32f103xe.o(.text)
    __aeabi_llsr                             0x08000169   Thumb Code    32  llushr.o(.text)
    _ll_ushift_r                             0x08000169   Thumb Code     0  llushr.o(.text)
    __aeabi_memset                           0x08000189   Thumb Code    14  memseta.o(.text)
    __aeabi_memset4                          0x08000189   Thumb Code     0  memseta.o(.text)
    __aeabi_memset8                          0x08000189   Thumb Code     0  memseta.o(.text)
    __aeabi_memclr                           0x08000197   Thumb Code     4  memseta.o(.text)
    __aeabi_memclr4                          0x08000197   Thumb Code     0  memseta.o(.text)
    __aeabi_memclr8                          0x08000197   Thumb Code     0  memseta.o(.text)
    _memset$wrapper                          0x0800019b   Thumb Code    18  memseta.o(.text)
    __aeabi_fadd                             0x080001ad   Thumb Code   164  fadd.o(.text)
    __aeabi_fsub                             0x08000251   Thumb Code     6  fadd.o(.text)
    __aeabi_frsub                            0x08000257   Thumb Code     6  fadd.o(.text)
    __aeabi_fmul                             0x0800025d   Thumb Code   100  fmul.o(.text)
    __aeabi_fdiv                             0x080002c1   Thumb Code   124  fdiv.o(.text)
    __aeabi_dadd                             0x0800033d   Thumb Code   322  dadd.o(.text)
    __aeabi_dsub                             0x0800047f   Thumb Code     6  dadd.o(.text)
    __aeabi_drsub                            0x08000485   Thumb Code     6  dadd.o(.text)
    __aeabi_dmul                             0x0800048b   Thumb Code   228  dmul.o(.text)
    __aeabi_ddiv                             0x0800056f   Thumb Code   222  ddiv.o(.text)
    __aeabi_i2f                              0x0800064d   Thumb Code    18  fflti.o(.text)
    __aeabi_f2iz                             0x0800065f   Thumb Code    50  ffixi.o(.text)
    __aeabi_f2d                              0x08000691   Thumb Code    38  f2d.o(.text)
    __aeabi_d2f                              0x080006b7   Thumb Code    56  d2f.o(.text)
    __aeabi_cfcmpeq                          0x080006f1   Thumb Code     0  cfcmple.o(.text)
    __aeabi_cfcmple                          0x080006f1   Thumb Code    20  cfcmple.o(.text)
    __aeabi_uldivmod                         0x08000705   Thumb Code    98  uldiv.o(.text)
    __aeabi_llsl                             0x08000767   Thumb Code    30  llshl.o(.text)
    _ll_shift_l                              0x08000767   Thumb Code     0  llshl.o(.text)
    __aeabi_lasr                             0x08000785   Thumb Code    36  llsshr.o(.text)
    _ll_sshift_r                             0x08000785   Thumb Code     0  llsshr.o(.text)
    __I$use$fp                               0x080007a9   Thumb Code     0  iusefp.o(.text)
    _float_round                             0x080007a9   Thumb Code    18  fepilogue.o(.text)
    _float_epilogue                          0x080007bb   Thumb Code    92  fepilogue.o(.text)
    _double_round                            0x08000817   Thumb Code    30  depilogue.o(.text)
    _double_epilogue                         0x08000835   Thumb Code   156  depilogue.o(.text)
    __ARM_scalbn                             0x080008d1   Thumb Code    46  dscalb.o(.text)
    scalbn                                   0x080008d1   Thumb Code     0  dscalb.o(.text)
    _dsqrt                                   0x080008ff   Thumb Code   162  dsqrt.o(.text)
    __scatterload                            0x080009a1   Thumb Code    28  init.o(.text)
    __scatterload_rt2                        0x080009a1   Thumb Code     0  init.o(.text)
    ABs                                      0x080009c5   Thumb Code    24  ellipse fitting.o(i.ABs)
    ANO_DT_Send_Data                         0x080009dd   Thumb Code    16  ano_dt.o(i.ANO_DT_Send_Data)
    ANO_DT_Send_Senser                       0x080009f1   Thumb Code   374  ano_dt.o(i.ANO_DT_Send_Senser)
    BusFault_Handler                         0x08000b6d   Thumb Code     4  stm32f1xx_it.o(i.BusFault_Handler)
    DebugMon_Handler                         0x08000b71   Thumb Code     2  stm32f1xx_it.o(i.DebugMon_Handler)
    Error_Handler                            0x08000b73   Thumb Code     2  main.o(i.Error_Handler)
    Get_Acc                                  0x08000b75   Thumb Code   140  mpu6050.o(i.Get_Acc)
    Get_Gyro                                 0x08000c01   Thumb Code   134  mpu6050.o(i.Get_Gyro)
    HAL_DMA_Abort                            0x08000c87   Thumb Code    86  stm32f1xx_hal_dma.o(i.HAL_DMA_Abort)
    HAL_DMA_Abort_IT                         0x08000cdd   Thumb Code   414  stm32f1xx_hal_dma.o(i.HAL_DMA_Abort_IT)
    HAL_Delay                                0x08000e85   Thumb Code    36  stm32f1xx_hal.o(i.HAL_Delay)
    HAL_GPIO_Init                            0x08000ead   Thumb Code   792  stm32f1xx_hal_gpio.o(i.HAL_GPIO_Init)
    HAL_GPIO_WritePin                        0x080011ed   Thumb Code    12  stm32f1xx_hal_gpio.o(i.HAL_GPIO_WritePin)
    HAL_GetTick                              0x080011f9   Thumb Code     6  stm32f1xx_hal.o(i.HAL_GetTick)
    HAL_IncTick                              0x08001205   Thumb Code    16  stm32f1xx_hal.o(i.HAL_IncTick)
    HAL_Init                                 0x0800121d   Thumb Code    34  stm32f1xx_hal.o(i.HAL_Init)
    HAL_InitTick                             0x08001245   Thumb Code    64  stm32f1xx_hal.o(i.HAL_InitTick)
    HAL_MspInit                              0x08001291   Thumb Code    74  stm32f1xx_hal_msp.o(i.HAL_MspInit)
    HAL_NVIC_EnableIRQ                       0x080012e5   Thumb Code    32  stm32f1xx_hal_cortex.o(i.HAL_NVIC_EnableIRQ)
    HAL_NVIC_SetPriority                     0x08001305   Thumb Code   124  stm32f1xx_hal_cortex.o(i.HAL_NVIC_SetPriority)
    HAL_NVIC_SetPriorityGrouping             0x08001381   Thumb Code    32  stm32f1xx_hal_cortex.o(i.HAL_NVIC_SetPriorityGrouping)
    HAL_RCC_ClockConfig                      0x080013a9   Thumb Code   376  stm32f1xx_hal_rcc.o(i.HAL_RCC_ClockConfig)
    HAL_RCC_GetHCLKFreq                      0x08001535   Thumb Code     6  stm32f1xx_hal_rcc.o(i.HAL_RCC_GetHCLKFreq)
    HAL_RCC_GetPCLK1Freq                     0x08001541   Thumb Code    22  stm32f1xx_hal_rcc.o(i.HAL_RCC_GetPCLK1Freq)
    HAL_RCC_GetPCLK2Freq                     0x08001561   Thumb Code    22  stm32f1xx_hal_rcc.o(i.HAL_RCC_GetPCLK2Freq)
    HAL_RCC_GetSysClockFreq                  0x08001581   Thumb Code   116  stm32f1xx_hal_rcc.o(i.HAL_RCC_GetSysClockFreq)
    HAL_RCC_OscConfig                        0x08001615   Thumb Code  1114  stm32f1xx_hal_rcc.o(i.HAL_RCC_OscConfig)
    HAL_SPI_Init                             0x08001a79   Thumb Code   190  stm32f1xx_hal_spi.o(i.HAL_SPI_Init)
    HAL_SPI_MspInit                          0x08001b39   Thumb Code   120  spi.o(i.HAL_SPI_MspInit)
    HAL_SYSTICK_Config                       0x08001bbd   Thumb Code    52  stm32f1xx_hal_cortex.o(i.HAL_SYSTICK_Config)
    HAL_TIMEx_BreakCallback                  0x08001bf1   Thumb Code     2  stm32f1xx_hal_tim_ex.o(i.HAL_TIMEx_BreakCallback)
    HAL_TIMEx_CommutCallback                 0x08001bf3   Thumb Code     2  stm32f1xx_hal_tim_ex.o(i.HAL_TIMEx_CommutCallback)
    HAL_TIMEx_MasterConfigSynchronization    0x08001bf5   Thumb Code   134  stm32f1xx_hal_tim_ex.o(i.HAL_TIMEx_MasterConfigSynchronization)
    HAL_TIM_Base_Init                        0x08001c91   Thumb Code   102  stm32f1xx_hal_tim.o(i.HAL_TIM_Base_Init)
    HAL_TIM_Base_MspInit                     0x08001cf9   Thumb Code    96  tim.o(i.HAL_TIM_Base_MspInit)
    HAL_TIM_Base_Start                       0x08001d65   Thumb Code   110  stm32f1xx_hal_tim.o(i.HAL_TIM_Base_Start)
    HAL_TIM_Base_Stop                        0x08001de9   Thumb Code    50  stm32f1xx_hal_tim.o(i.HAL_TIM_Base_Stop)
    HAL_TIM_IC_CaptureCallback               0x08001e1b   Thumb Code     2  stm32f1xx_hal_tim.o(i.HAL_TIM_IC_CaptureCallback)
    HAL_TIM_IRQHandler                       0x08001e1d   Thumb Code   406  stm32f1xx_hal_tim.o(i.HAL_TIM_IRQHandler)
    HAL_TIM_OC_DelayElapsedCallback          0x08001fb3   Thumb Code     2  stm32f1xx_hal_tim.o(i.HAL_TIM_OC_DelayElapsedCallback)
    HAL_TIM_PWM_PulseFinishedCallback        0x08001fb5   Thumb Code     2  stm32f1xx_hal_tim.o(i.HAL_TIM_PWM_PulseFinishedCallback)
    HAL_TIM_PeriodElapsedCallback            0x08001fb7   Thumb Code     2  main.o(i.HAL_TIM_PeriodElapsedCallback)
    HAL_TIM_TriggerCallback                  0x08001fb9   Thumb Code     2  stm32f1xx_hal_tim.o(i.HAL_TIM_TriggerCallback)
    HAL_UARTEx_RxEventCallback               0x08001fbb   Thumb Code     2  stm32f1xx_hal_uart.o(i.HAL_UARTEx_RxEventCallback)
    HAL_UART_ErrorCallback                   0x08001fbd   Thumb Code     2  stm32f1xx_hal_uart.o(i.HAL_UART_ErrorCallback)
    HAL_UART_IRQHandler                      0x08001fc1   Thumb Code   582  stm32f1xx_hal_uart.o(i.HAL_UART_IRQHandler)
    HAL_UART_Init                            0x0800220d   Thumb Code   114  stm32f1xx_hal_uart.o(i.HAL_UART_Init)
    HAL_UART_MspInit                         0x08002281   Thumb Code   138  usart.o(i.HAL_UART_MspInit)
    HAL_UART_RxCpltCallback                  0x08002319   Thumb Code     2  stm32f1xx_hal_uart.o(i.HAL_UART_RxCpltCallback)
    HAL_UART_Transmit                        0x0800231b   Thumb Code   210  stm32f1xx_hal_uart.o(i.HAL_UART_Transmit)
    HAL_UART_TxCpltCallback                  0x080023ed   Thumb Code     2  stm32f1xx_hal_uart.o(i.HAL_UART_TxCpltCallback)
    HardFault_Handler                        0x080023ef   Thumb Code     4  stm32f1xx_it.o(i.HardFault_Handler)
    KalmanCalculation                        0x080023f5   Thumb Code   756  kalman_filter.o(i.KalmanCalculation)
    MPU_IIC_Ack                              0x0800275d   Thumb Code    62  mpuiic.o(i.MPU_IIC_Ack)
    MPU_IIC_Delay                            0x080027a9   Thumb Code    10  mpuiic.o(i.MPU_IIC_Delay)
    MPU_IIC_NAck                             0x080027b5   Thumb Code    62  mpuiic.o(i.MPU_IIC_NAck)
    MPU_IIC_Read_Byte                        0x08002801   Thumb Code    94  mpuiic.o(i.MPU_IIC_Read_Byte)
    MPU_IIC_Send_Byte                        0x0800286d   Thumb Code    80  mpuiic.o(i.MPU_IIC_Send_Byte)
    MPU_IIC_Start                            0x080028c9   Thumb Code    60  mpuiic.o(i.MPU_IIC_Start)
    MPU_IIC_Stop                             0x08002911   Thumb Code    58  mpuiic.o(i.MPU_IIC_Stop)
    MPU_IIC_Wait_Ack                         0x08002959   Thumb Code    86  mpuiic.o(i.MPU_IIC_Wait_Ack)
    MPU_Init                                 0x080029bd   Thumb Code   118  mpu6050.o(i.MPU_Init)
    MPU_Read_Byte                            0x08002a33   Thumb Code    58  mpu6050.o(i.MPU_Read_Byte)
    MPU_Read_Len                             0x08002a6d   Thumb Code   116  mpu6050.o(i.MPU_Read_Len)
    MPU_Set_Accel_Fsr                        0x08002ae1   Thumb Code    16  mpu6050.o(i.MPU_Set_Accel_Fsr)
    MPU_Set_Gyro_Fsr                         0x08002af1   Thumb Code    16  mpu6050.o(i.MPU_Set_Gyro_Fsr)
    MPU_Set_LPF                              0x08002b01   Thumb Code    58  mpu6050.o(i.MPU_Set_LPF)
    MPU_Set_Rate                             0x08002b3b   Thumb Code    58  mpu6050.o(i.MPU_Set_Rate)
    MPU_Write_Byte                           0x08002b75   Thumb Code    68  mpu6050.o(i.MPU_Write_Byte)
    MX_GPIO_Init                             0x08002bb9   Thumb Code   178  gpio.o(i.MX_GPIO_Init)
    MX_SPI1_Init                             0x08002c79   Thumb Code    60  spi.o(i.MX_SPI1_Init)
    MX_TIM6_Init                             0x08002cbd   Thumb Code    66  tim.o(i.MX_TIM6_Init)
    MX_TIM7_Init                             0x08002d09   Thumb Code    64  tim.o(i.MX_TIM7_Init)
    MX_USART1_UART_Init                      0x08002d51   Thumb Code    46  usart.o(i.MX_USART1_UART_Init)
    MemManage_Handler                        0x08002d89   Thumb Code     4  stm32f1xx_it.o(i.MemManage_Handler)
    NMI_Handler                              0x08002d8d   Thumb Code     2  stm32f1xx_it.o(i.NMI_Handler)
    Output                                   0x08002d8f   Thumb Code    28  kalman_filter.o(i.Output)
    PendSV_Handler                           0x08002dab   Thumb Code     2  stm32f1xx_it.o(i.PendSV_Handler)
    SVC_Handler                              0x08002dd5   Thumb Code     2  stm32f1xx_it.o(i.SVC_Handler)
    SysTick_Handler                          0x08002dd7   Thumb Code     8  stm32f1xx_it.o(i.SysTick_Handler)
    SystemClock_Config                       0x08002ddf   Thumb Code   102  main.o(i.SystemClock_Config)
    SystemInit                               0x08002e45   Thumb Code     2  system_stm32f1xx.o(i.SystemInit)
    TIM6_IRQHandler                          0x08002e49   Thumb Code    10  stm32f1xx_it.o(i.TIM6_IRQHandler)
    TIM_Base_SetConfig                       0x08002e59   Thumb Code   134  stm32f1xx_hal_tim.o(i.TIM_Base_SetConfig)
    USART1_IRQHandler                        0x0800320d   Thumb Code    10  stm32f1xx_it.o(i.USART1_IRQHandler)
    UsageFault_Handler                       0x0800321d   Thumb Code     4  stm32f1xx_it.o(i.UsageFault_Handler)
    Usart_Send                               0x08003221   Thumb Code    38  usart.o(i.Usart_Send)
    __0printf$5                              0x0800324d   Thumb Code    22  printf5.o(i.__0printf$5)
    __1printf$5                              0x0800324d   Thumb Code     0  printf5.o(i.__0printf$5)
    __2printf                                0x0800324d   Thumb Code     0  printf5.o(i.__0printf$5)
    __ARM_fpclassify                         0x0800326d   Thumb Code    40  fpclassify.o(i.__ARM_fpclassify)
    __kernel_poly                            0x080032cd   Thumb Code   170  poly.o(i.__kernel_poly)
    __mathlib_dbl_infnan                     0x08003377   Thumb Code     6  dunder.o(i.__mathlib_dbl_infnan)
    __mathlib_dbl_underflow                  0x0800337d   Thumb Code    10  dunder.o(i.__mathlib_dbl_underflow)
    __scatterload_copy                       0x0800338d   Thumb Code    14  handlers.o(i.__scatterload_copy)
    __scatterload_null                       0x0800339b   Thumb Code     2  handlers.o(i.__scatterload_null)
    __scatterload_zeroinit                   0x0800339d   Thumb Code    14  handlers.o(i.__scatterload_zeroinit)
    __set_errno                              0x080033ad   Thumb Code     6  errno.o(i.__set_errno)
    atan                                     0x08003679   Thumb Code   474  atan.o(i.atan)
    delay_ms                                 0x08003899   Thumb Code    18  tim.o(i.delay_ms)
    delay_us                                 0x080038ad   Thumb Code    52  tim.o(i.delay_us)
    fputc                                    0x080038e5   Thumb Code    22  main.o(i.fputc)
    main                                     0x08003901   Thumb Code    62  main.o(i.main)
    sqrt                                     0x08003949   Thumb Code    76  sqrt.o(i.sqrt)
    AHBPrescTable                            0x08003994   Data          16  system_stm32f1xx.o(.constdata)
    APBPrescTable                            0x080039a4   Data           8  system_stm32f1xx.o(.constdata)
    Region$$Table$$Base                      0x08003a48   Number         0  anon$$obj.o(Region$$Table)
    Region$$Table$$Limit                     0x08003a68   Number         0  anon$$obj.o(Region$$Table)
    uwTick                                   0x20000000   Data           4  stm32f1xx_hal.o(.data)
    uwTickPrio                               0x20000004   Data           4  stm32f1xx_hal.o(.data)
    uwTickFreq                               0x20000008   Data           1  stm32f1xx_hal.o(.data)
    SystemCoreClock                          0x2000000c   Data           4  system_stm32f1xx.o(.data)
    Q_ROLL                                   0x20000010   Data           4  kalman_filter.o(.data)
    Q_PITCH                                  0x20000014   Data           4  kalman_filter.o(.data)
    R_ROLL                                   0x20000018   Data           4  kalman_filter.o(.data)
    R_PITCH                                  0x2000001c   Data           4  kalman_filter.o(.data)
    dt                                       0x20000020   Data           4  kalman_filter.o(.data)
    DeltaRoll                                0x20000024   Data           4  kalman_filter.o(.data)
    Pitch_Kalman                             0x20000028   Data           4  kalman_filter.o(.data)
    Roll_Kalman                              0x2000002c   Data           4  kalman_filter.o(.data)
    Roll_z                                   0x20000030   Data           4  kalman_filter.o(.data)
    Pitch_z                                  0x20000034   Data           4  kalman_filter.o(.data)
    oo                                       0x20000038   Data           4  kalman_filter.o(.data)
    Roll_hat_pri                             0x2000003c   Data           4  kalman_filter.o(.data)
    Pitch_hat_pri                            0x20000040   Data           4  kalman_filter.o(.data)
    Roll_hat_pos                             0x20000044   Data           4  kalman_filter.o(.data)
    Pitch_hat_pos                            0x20000048   Data           4  kalman_filter.o(.data)
    P_Roll_hat_pri                           0x2000004c   Data           4  kalman_filter.o(.data)
    P_Pitch_hat_pri                          0x20000050   Data           4  kalman_filter.o(.data)
    P_Roll_hat_pos                           0x20000054   Data           4  kalman_filter.o(.data)
    P_Pitch_hat_pos                          0x20000058   Data           4  kalman_filter.o(.data)
    KalmanGain_Pitch                         0x2000005c   Data           4  kalman_filter.o(.data)
    KalmanGain_Roll                          0x20000060   Data           4  kalman_filter.o(.data)
    DeltaPitch                               0x20000064   Data           4  kalman_filter.o(.data)
    __stdout                                 0x20000068   Data           4  stdout.o(.data)
    hspi1                                    0x20000070   Data          88  spi.o(.bss)
    htim6                                    0x200000c8   Data          72  tim.o(.bss)
    htim7                                    0x20000110   Data          72  tim.o(.bss)
    huart1                                   0x20000158   Data          68  usart.o(.bss)
    f                                        0x2000019c   Data          13  ano_dt.o(.bss)
    data_to_send                             0x200001a9   Data          50  ano_dt.o(.bss)
    __initial_sp                             0x200005e0   Data           0  startup_stm32f103xe.o(STACK)



==============================================================================

Memory Map of the image

  Image Entry point : 0x08000131

  Load Region LR_IROM1 (Base: 0x08000000, Size: 0x00003ad8, Max: 0x00040000, ABSOLUTE)

    Execution Region ER_IROM1 (Exec base: 0x08000000, Load base: 0x08000000, Size: 0x00003a68, Max: 0x00040000, ABSOLUTE)

    Exec Addr    Load Addr    Size         Type   Attr      Idx    E Section Name        Object

    0x08000000   0x08000000   0x00000130   Data   RO            3    RESET               startup_stm32f103xe.o
    0x08000130   0x08000130   0x00000000   Code   RO         4366  * .ARM.Collect$$$$00000000  mc_w.l(entry.o)
    0x08000130   0x08000130   0x00000004   Code   RO         4710    .ARM.Collect$$$$00000001  mc_w.l(entry2.o)
    0x08000134   0x08000134   0x00000004   Code   RO         4713    .ARM.Collect$$$$00000004  mc_w.l(entry5.o)
    0x08000138   0x08000138   0x00000000   Code   RO         4715    .ARM.Collect$$$$00000008  mc_w.l(entry7b.o)
    0x08000138   0x08000138   0x00000000   Code   RO         4717    .ARM.Collect$$$$0000000A  mc_w.l(entry8b.o)
    0x08000138   0x08000138   0x00000008   Code   RO         4718    .ARM.Collect$$$$0000000B  mc_w.l(entry9a.o)
    0x08000140   0x08000140   0x00000000   Code   RO         4720    .ARM.Collect$$$$0000000D  mc_w.l(entry10a.o)
    0x08000140   0x08000140   0x00000000   Code   RO         4722    .ARM.Collect$$$$0000000F  mc_w.l(entry11a.o)
    0x08000140   0x08000140   0x00000004   Code   RO         4711    .ARM.Collect$$$$00002712  mc_w.l(entry2.o)
    0x08000144   0x08000144   0x00000024   Code   RO            4    .text               startup_stm32f103xe.o
    0x08000168   0x08000168   0x00000020   Code   RO         4371    .text               mc_w.l(llushr.o)
    0x08000188   0x08000188   0x00000024   Code   RO         4377    .text               mc_w.l(memseta.o)
    0x080001ac   0x080001ac   0x000000b0   Code   RO         4644    .text               mf_w.l(fadd.o)
    0x0800025c   0x0800025c   0x00000064   Code   RO         4646    .text               mf_w.l(fmul.o)
    0x080002c0   0x080002c0   0x0000007c   Code   RO         4648    .text               mf_w.l(fdiv.o)
    0x0800033c   0x0800033c   0x0000014e   Code   RO         4650    .text               mf_w.l(dadd.o)
    0x0800048a   0x0800048a   0x000000e4   Code   RO         4652    .text               mf_w.l(dmul.o)
    0x0800056e   0x0800056e   0x000000de   Code   RO         4654    .text               mf_w.l(ddiv.o)
    0x0800064c   0x0800064c   0x00000012   Code   RO         4656    .text               mf_w.l(fflti.o)
    0x0800065e   0x0800065e   0x00000032   Code   RO         4664    .text               mf_w.l(ffixi.o)
    0x08000690   0x08000690   0x00000026   Code   RO         4666    .text               mf_w.l(f2d.o)
    0x080006b6   0x080006b6   0x00000038   Code   RO         4670    .text               mf_w.l(d2f.o)
    0x080006ee   0x080006ee   0x00000002   PAD
    0x080006f0   0x080006f0   0x00000014   Code   RO         4672    .text               mf_w.l(cfcmple.o)
    0x08000704   0x08000704   0x00000062   Code   RO         4727    .text               mc_w.l(uldiv.o)
    0x08000766   0x08000766   0x0000001e   Code   RO         4729    .text               mc_w.l(llshl.o)
    0x08000784   0x08000784   0x00000024   Code   RO         4731    .text               mc_w.l(llsshr.o)
    0x080007a8   0x080007a8   0x00000000   Code   RO         4740    .text               mc_w.l(iusefp.o)
    0x080007a8   0x080007a8   0x0000006e   Code   RO         4741    .text               mf_w.l(fepilogue.o)
    0x08000816   0x08000816   0x000000ba   Code   RO         4747    .text               mf_w.l(depilogue.o)
    0x080008d0   0x080008d0   0x0000002e   Code   RO         4749    .text               mf_w.l(dscalb.o)
    0x080008fe   0x080008fe   0x000000a2   Code   RO         4751    .text               mf_w.l(dsqrt.o)
    0x080009a0   0x080009a0   0x00000024   Code   RO         4761    .text               mc_w.l(init.o)
    0x080009c4   0x080009c4   0x00000018   Code   RO         3842    i.ABs               ellipse fitting.o
    0x080009dc   0x080009dc   0x00000014   Code   RO         3236    i.ANO_DT_Send_Data  ano_dt.o
    0x080009f0   0x080009f0   0x0000017c   Code   RO         3241    i.ANO_DT_Send_Senser  ano_dt.o
    0x08000b6c   0x08000b6c   0x00000004   Code   RO          371    i.BusFault_Handler  stm32f1xx_it.o
    0x08000b70   0x08000b70   0x00000002   Code   RO          372    i.DebugMon_Handler  stm32f1xx_it.o
    0x08000b72   0x08000b72   0x00000002   Code   RO           13    i.Error_Handler     main.o
    0x08000b74   0x08000b74   0x0000008c   Code   RO         3481    i.Get_Acc           mpu6050.o
    0x08000c00   0x08000c00   0x00000086   Code   RO         3482    i.Get_Gyro          mpu6050.o
    0x08000c86   0x08000c86   0x00000056   Code   RO         1225    i.HAL_DMA_Abort     stm32f1xx_hal_dma.o
    0x08000cdc   0x08000cdc   0x000001a8   Code   RO         1226    i.HAL_DMA_Abort_IT  stm32f1xx_hal_dma.o
    0x08000e84   0x08000e84   0x00000028   Code   RO          848    i.HAL_Delay         stm32f1xx_hal.o
    0x08000eac   0x08000eac   0x00000340   Code   RO         1161    i.HAL_GPIO_Init     stm32f1xx_hal_gpio.o
    0x080011ec   0x080011ec   0x0000000c   Code   RO         1165    i.HAL_GPIO_WritePin  stm32f1xx_hal_gpio.o
    0x080011f8   0x080011f8   0x0000000c   Code   RO          852    i.HAL_GetTick       stm32f1xx_hal.o
    0x08001204   0x08001204   0x00000018   Code   RO          858    i.HAL_IncTick       stm32f1xx_hal.o
    0x0800121c   0x0800121c   0x00000028   Code   RO          859    i.HAL_Init          stm32f1xx_hal.o
    0x08001244   0x08001244   0x0000004c   Code   RO          860    i.HAL_InitTick      stm32f1xx_hal.o
    0x08001290   0x08001290   0x00000054   Code   RO          459    i.HAL_MspInit       stm32f1xx_hal_msp.o
    0x080012e4   0x080012e4   0x00000020   Code   RO         1321    i.HAL_NVIC_EnableIRQ  stm32f1xx_hal_cortex.o
    0x08001304   0x08001304   0x0000007c   Code   RO         1327    i.HAL_NVIC_SetPriority  stm32f1xx_hal_cortex.o
    0x08001380   0x08001380   0x00000028   Code   RO         1328    i.HAL_NVIC_SetPriorityGrouping  stm32f1xx_hal_cortex.o
    0x080013a8   0x080013a8   0x0000018c   Code   RO         1016    i.HAL_RCC_ClockConfig  stm32f1xx_hal_rcc.o
    0x08001534   0x08001534   0x0000000c   Code   RO         1021    i.HAL_RCC_GetHCLKFreq  stm32f1xx_hal_rcc.o
    0x08001540   0x08001540   0x00000020   Code   RO         1023    i.HAL_RCC_GetPCLK1Freq  stm32f1xx_hal_rcc.o
    0x08001560   0x08001560   0x00000020   Code   RO         1024    i.HAL_RCC_GetPCLK2Freq  stm32f1xx_hal_rcc.o
    0x08001580   0x08001580   0x00000094   Code   RO         1025    i.HAL_RCC_GetSysClockFreq  stm32f1xx_hal_rcc.o
    0x08001614   0x08001614   0x00000464   Code   RO         1028    i.HAL_RCC_OscConfig  stm32f1xx_hal_rcc.o
    0x08001a78   0x08001a78   0x000000be   Code   RO          530    i.HAL_SPI_Init      stm32f1xx_hal_spi.o
    0x08001b36   0x08001b36   0x00000002   PAD
    0x08001b38   0x08001b38   0x00000084   Code   RO          222    i.HAL_SPI_MspInit   spi.o
    0x08001bbc   0x08001bbc   0x00000034   Code   RO         1332    i.HAL_SYSTICK_Config  stm32f1xx_hal_cortex.o
    0x08001bf0   0x08001bf0   0x00000002   Code   RO         2564    i.HAL_TIMEx_BreakCallback  stm32f1xx_hal_tim_ex.o
    0x08001bf2   0x08001bf2   0x00000002   Code   RO         2565    i.HAL_TIMEx_CommutCallback  stm32f1xx_hal_tim_ex.o
    0x08001bf4   0x08001bf4   0x0000009c   Code   RO         2583    i.HAL_TIMEx_MasterConfigSynchronization  stm32f1xx_hal_tim_ex.o
    0x08001c90   0x08001c90   0x00000066   Code   RO         1849    i.HAL_TIM_Base_Init  stm32f1xx_hal_tim.o
    0x08001cf6   0x08001cf6   0x00000002   PAD
    0x08001cf8   0x08001cf8   0x0000006c   Code   RO          264    i.HAL_TIM_Base_MspInit  tim.o
    0x08001d64   0x08001d64   0x00000084   Code   RO         1852    i.HAL_TIM_Base_Start  stm32f1xx_hal_tim.o
    0x08001de8   0x08001de8   0x00000032   Code   RO         1855    i.HAL_TIM_Base_Stop  stm32f1xx_hal_tim.o
    0x08001e1a   0x08001e1a   0x00000002   Code   RO         1883    i.HAL_TIM_IC_CaptureCallback  stm32f1xx_hal_tim.o
    0x08001e1c   0x08001e1c   0x00000196   Code   RO         1897    i.HAL_TIM_IRQHandler  stm32f1xx_hal_tim.o
    0x08001fb2   0x08001fb2   0x00000002   Code   RO         1900    i.HAL_TIM_OC_DelayElapsedCallback  stm32f1xx_hal_tim.o
    0x08001fb4   0x08001fb4   0x00000002   Code   RO         1927    i.HAL_TIM_PWM_PulseFinishedCallback  stm32f1xx_hal_tim.o
    0x08001fb6   0x08001fb6   0x00000002   Code   RO           14    i.HAL_TIM_PeriodElapsedCallback  main.o
    0x08001fb8   0x08001fb8   0x00000002   Code   RO         1940    i.HAL_TIM_TriggerCallback  stm32f1xx_hal_tim.o
    0x08001fba   0x08001fba   0x00000002   Code   RO         2842    i.HAL_UARTEx_RxEventCallback  stm32f1xx_hal_uart.o
    0x08001fbc   0x08001fbc   0x00000002   Code   RO         2856    i.HAL_UART_ErrorCallback  stm32f1xx_hal_uart.o
    0x08001fbe   0x08001fbe   0x00000002   PAD
    0x08001fc0   0x08001fc0   0x0000024c   Code   RO         2859    i.HAL_UART_IRQHandler  stm32f1xx_hal_uart.o
    0x0800220c   0x0800220c   0x00000072   Code   RO         2860    i.HAL_UART_Init     stm32f1xx_hal_uart.o
    0x0800227e   0x0800227e   0x00000002   PAD
    0x08002280   0x08002280   0x00000098   Code   RO          324    i.HAL_UART_MspInit  usart.o
    0x08002318   0x08002318   0x00000002   Code   RO         2866    i.HAL_UART_RxCpltCallback  stm32f1xx_hal_uart.o
    0x0800231a   0x0800231a   0x000000d2   Code   RO         2868    i.HAL_UART_Transmit  stm32f1xx_hal_uart.o
    0x080023ec   0x080023ec   0x00000002   Code   RO         2871    i.HAL_UART_TxCpltCallback  stm32f1xx_hal_uart.o
    0x080023ee   0x080023ee   0x00000004   Code   RO          373    i.HardFault_Handler  stm32f1xx_it.o
    0x080023f2   0x080023f2   0x00000002   PAD
    0x080023f4   0x080023f4   0x00000368   Code   RO         4050    i.KalmanCalculation  kalman_filter.o
    0x0800275c   0x0800275c   0x0000004c   Code   RO         3373    i.MPU_IIC_Ack       mpuiic.o
    0x080027a8   0x080027a8   0x0000000a   Code   RO         3374    i.MPU_IIC_Delay     mpuiic.o
    0x080027b2   0x080027b2   0x00000002   PAD
    0x080027b4   0x080027b4   0x0000004c   Code   RO         3375    i.MPU_IIC_NAck      mpuiic.o
    0x08002800   0x08002800   0x0000006c   Code   RO         3376    i.MPU_IIC_Read_Byte  mpuiic.o
    0x0800286c   0x0800286c   0x0000005c   Code   RO         3377    i.MPU_IIC_Send_Byte  mpuiic.o
    0x080028c8   0x080028c8   0x00000048   Code   RO         3378    i.MPU_IIC_Start     mpuiic.o
    0x08002910   0x08002910   0x00000048   Code   RO         3379    i.MPU_IIC_Stop      mpuiic.o
    0x08002958   0x08002958   0x00000064   Code   RO         3380    i.MPU_IIC_Wait_Ack  mpuiic.o
    0x080029bc   0x080029bc   0x00000076   Code   RO         3486    i.MPU_Init          mpu6050.o
    0x08002a32   0x08002a32   0x0000003a   Code   RO         3487    i.MPU_Read_Byte     mpu6050.o
    0x08002a6c   0x08002a6c   0x00000074   Code   RO         3488    i.MPU_Read_Len      mpu6050.o
    0x08002ae0   0x08002ae0   0x00000010   Code   RO         3489    i.MPU_Set_Accel_Fsr  mpu6050.o
    0x08002af0   0x08002af0   0x00000010   Code   RO         3490    i.MPU_Set_Gyro_Fsr  mpu6050.o
    0x08002b00   0x08002b00   0x0000003a   Code   RO         3491    i.MPU_Set_LPF       mpu6050.o
    0x08002b3a   0x08002b3a   0x0000003a   Code   RO         3492    i.MPU_Set_Rate      mpu6050.o
    0x08002b74   0x08002b74   0x00000044   Code   RO         3493    i.MPU_Write_Byte    mpu6050.o
    0x08002bb8   0x08002bb8   0x000000c0   Code   RO          197    i.MX_GPIO_Init      gpio.o
    0x08002c78   0x08002c78   0x00000044   Code   RO          223    i.MX_SPI1_Init      spi.o
    0x08002cbc   0x08002cbc   0x0000004c   Code   RO          265    i.MX_TIM6_Init      tim.o
    0x08002d08   0x08002d08   0x00000048   Code   RO          266    i.MX_TIM7_Init      tim.o
    0x08002d50   0x08002d50   0x00000038   Code   RO          325    i.MX_USART1_UART_Init  usart.o
    0x08002d88   0x08002d88   0x00000004   Code   RO          374    i.MemManage_Handler  stm32f1xx_it.o
    0x08002d8c   0x08002d8c   0x00000002   Code   RO          375    i.NMI_Handler       stm32f1xx_it.o
    0x08002d8e   0x08002d8e   0x0000001c   Code   RO         4051    i.Output            kalman_filter.o
    0x08002daa   0x08002daa   0x00000002   Code   RO          376    i.PendSV_Handler    stm32f1xx_it.o
    0x08002dac   0x08002dac   0x00000028   Code   RO         1029    i.RCC_Delay         stm32f1xx_hal_rcc.o
    0x08002dd4   0x08002dd4   0x00000002   Code   RO          377    i.SVC_Handler       stm32f1xx_it.o
    0x08002dd6   0x08002dd6   0x00000008   Code   RO          378    i.SysTick_Handler   stm32f1xx_it.o
    0x08002dde   0x08002dde   0x00000066   Code   RO           15    i.SystemClock_Config  main.o
    0x08002e44   0x08002e44   0x00000002   Code   RO         3199    i.SystemInit        system_stm32f1xx.o
    0x08002e46   0x08002e46   0x00000002   PAD
    0x08002e48   0x08002e48   0x00000010   Code   RO          379    i.TIM6_IRQHandler   stm32f1xx_it.o
    0x08002e58   0x08002e58   0x0000009c   Code   RO         1942    i.TIM_Base_SetConfig  stm32f1xx_hal_tim.o
    0x08002ef4   0x08002ef4   0x00000014   Code   RO         2873    i.UART_DMAAbortOnError  stm32f1xx_hal_uart.o
    0x08002f08   0x08002f08   0x00000036   Code   RO         2883    i.UART_EndRxTransfer  stm32f1xx_hal_uart.o
    0x08002f3e   0x08002f3e   0x00000020   Code   RO         2884    i.UART_EndTransmit_IT  stm32f1xx_hal_uart.o
    0x08002f5e   0x08002f5e   0x000000e4   Code   RO         2886    i.UART_Receive_IT   stm32f1xx_hal_uart.o
    0x08003042   0x08003042   0x00000002   PAD
    0x08003044   0x08003044   0x000000fc   Code   RO         2887    i.UART_SetConfig    stm32f1xx_hal_uart.o
    0x08003140   0x08003140   0x00000060   Code   RO         2890    i.UART_Transmit_IT  stm32f1xx_hal_uart.o
    0x080031a0   0x080031a0   0x0000006c   Code   RO         2891    i.UART_WaitOnFlagUntilTimeout  stm32f1xx_hal_uart.o
    0x0800320c   0x0800320c   0x00000010   Code   RO          380    i.USART1_IRQHandler  stm32f1xx_it.o
    0x0800321c   0x0800321c   0x00000004   Code   RO          381    i.UsageFault_Handler  stm32f1xx_it.o
    0x08003220   0x08003220   0x0000002c   Code   RO          326    i.Usart_Send        usart.o
    0x0800324c   0x0800324c   0x00000020   Code   RO         4516    i.__0printf$5       mc_w.l(printf5.o)
    0x0800326c   0x0800326c   0x00000028   Code   RO         4690    i.__ARM_fpclassify  m_ws.l(fpclassify.o)
    0x08003294   0x08003294   0x00000010   Code   RO         1334    i.__NVIC_GetPriorityGrouping  stm32f1xx_hal_cortex.o
    0x080032a4   0x080032a4   0x00000028   Code   RO         1335    i.__NVIC_SetPriority  stm32f1xx_hal_cortex.o
    0x080032cc   0x080032cc   0x000000aa   Code   RO         4708    i.__kernel_poly     m_ws.l(poly.o)
    0x08003376   0x08003376   0x00000006   Code   RO         4677    i.__mathlib_dbl_infnan  m_ws.l(dunder.o)
    0x0800337c   0x0800337c   0x00000010   Code   RO         4682    i.__mathlib_dbl_underflow  m_ws.l(dunder.o)
    0x0800338c   0x0800338c   0x0000000e   Code   RO         4765    i.__scatterload_copy  mc_w.l(handlers.o)
    0x0800339a   0x0800339a   0x00000002   Code   RO         4766    i.__scatterload_null  mc_w.l(handlers.o)
    0x0800339c   0x0800339c   0x0000000e   Code   RO         4767    i.__scatterload_zeroinit  mc_w.l(handlers.o)
    0x080033aa   0x080033aa   0x00000002   PAD
    0x080033ac   0x080033ac   0x0000000c   Code   RO         4735    i.__set_errno       mc_w.l(errno.o)
    0x080033b8   0x080033b8   0x000002c0   Code   RO         4523    i._printf_core      mc_w.l(printf5.o)
    0x08003678   0x08003678   0x00000220   Code   RO         4321    i.atan              m_ws.l(atan.o)
    0x08003898   0x08003898   0x00000012   Code   RO          267    i.delay_ms          tim.o
    0x080038aa   0x080038aa   0x00000002   PAD
    0x080038ac   0x080038ac   0x00000038   Code   RO          268    i.delay_us          tim.o
    0x080038e4   0x080038e4   0x0000001c   Code   RO           16    i.fputc             main.o
    0x08003900   0x08003900   0x00000048   Code   RO           17    i.main              main.o
    0x08003948   0x08003948   0x0000004c   Code   RO         4351    i.sqrt              m_ws.l(sqrt.o)
    0x08003994   0x08003994   0x00000018   Data   RO         3200    .constdata          system_stm32f1xx.o
    0x080039ac   0x080039ac   0x00000004   PAD
    0x080039b0   0x080039b0   0x00000098   Data   RO         4322    .constdata          m_ws.l(atan.o)
    0x08003a48   0x08003a48   0x00000020   Data   RO         4763    Region$$Table       anon$$obj.o


    Execution Region RW_IRAM1 (Exec base: 0x20000000, Load base: 0x08003a68, Size: 0x000005e0, Max: 0x0000c000, ABSOLUTE)

    Exec Addr    Load Addr    Size         Type   Attr      Idx    E Section Name        Object

    0x20000000   0x08003a68   0x00000009   Data   RW          866    .data               stm32f1xx_hal.o
    0x20000009   0x08003a71   0x00000003   PAD
    0x2000000c   0x08003a74   0x00000004   Data   RW         3201    .data               system_stm32f1xx.o
    0x20000010   0x08003a78   0x00000058   Data   RW         4052    .data               kalman_filter.o
    0x20000068   0x08003ad0   0x00000004   Data   RW         4724    .data               mc_w.l(stdout.o)
    0x2000006c   0x08003ad4   0x00000004   Data   RW         4736    .data               mc_w.l(errno.o)
    0x20000070        -       0x00000058   Zero   RW          224    .bss                spi.o
    0x200000c8        -       0x00000090   Zero   RW          269    .bss                tim.o
    0x20000158        -       0x00000044   Zero   RW          327    .bss                usart.o
    0x2000019c        -       0x0000003f   Zero   RW         3244    .bss                ano_dt.o
    0x200001db   0x08003ad8   0x00000005   PAD
    0x200001e0        -       0x00000400   Zero   RW            1    STACK               startup_stm32f103xe.o


==============================================================================

Image component sizes


      Code (inc. data)   RO Data    RW Data    ZI Data      Debug   Object Name

       400         10          0          0         63       3165   ano_dt.o
        24          0          0          0          0        542   ellipse fitting.o
       192         14          0          0          0        931   gpio.o
       900        116          0         88          0       2253   kalman_filter.o
       206         16          0          0          0     498060   main.o
       782          0          0          0          0       6660   mpu6050.o
       606         94          0          0          0       4275   mpuiic.o
       200         20          0          0         88       1633   spi.o
        36          8        304          0       1024        804   startup_stm32f103xe.o
       192         36          0          9          0       6513   stm32f1xx_hal.o
       304         22          0          0          0      29423   stm32f1xx_hal_cortex.o
       510         10          0          0          0       1895   stm32f1xx_hal_dma.o
       844         40          0          0          0       2692   stm32f1xx_hal_gpio.o
        84         10          0          0          0        894   stm32f1xx_hal_msp.o
      1784        110          0          0          0       6016   stm32f1xx_hal_rcc.o
       190          0          0          0          0       1131   stm32f1xx_hal_spi.o
       854         44          0          0          0       6200   stm32f1xx_hal_tim.o
       160         22          0          0          0       2409   stm32f1xx_hal_tim_ex.o
      1710         10          0          0          0      10360   stm32f1xx_hal_uart.o
        64         12          0          0          0       4860   stm32f1xx_it.o
         2          0         24          4          0       1119   system_stm32f1xx.o
       330         34          0          0        144       3189   tim.o
       252         30          0          0         68       2247   usart.o

    ----------------------------------------------------------------------
     10644        658        364        104       1392     597271   Object Totals
         0          0         32          0          0          0   (incl. Generated)
        18          0          4          3          5          0   (incl. Padding)

    ----------------------------------------------------------------------

      Code (inc. data)   RO Data    RW Data    ZI Data      Debug   Library Member Name

       544         70        152          0          0        124   atan.o
        22          6          0          0          0        136   dunder.o
        40          0          0          0          0         68   fpclassify.o
       170          0          0          0          0         96   poly.o
        76          0          0          0          0         84   sqrt.o
         0          0          0          0          0          0   entry.o
         0          0          0          0          0          0   entry10a.o
         0          0          0          0          0          0   entry11a.o
         8          4          0          0          0          0   entry2.o
         4          0          0          0          0          0   entry5.o
         0          0          0          0          0          0   entry7b.o
         0          0          0          0          0          0   entry8b.o
         8          4          0          0          0          0   entry9a.o
        12          6          0          4          0         68   errno.o
        30          0          0          0          0          0   handlers.o
        36          8          0          0          0         68   init.o
         0          0          0          0          0          0   iusefp.o
        30          0          0          0          0         68   llshl.o
        36          0          0          0          0         68   llsshr.o
        32          0          0          0          0         68   llushr.o
        36          0          0          0          0        108   memseta.o
       736         56          0          0          0        184   printf5.o
         0          0          0          4          0          0   stdout.o
        98          0          0          0          0         92   uldiv.o
        20          0          0          0          0         68   cfcmple.o
        56          0          0          0          0         88   d2f.o
       334          0          0          0          0        148   dadd.o
       222          0          0          0          0        100   ddiv.o
       186          0          0          0          0        176   depilogue.o
       228          0          0          0          0         96   dmul.o
        46          0          0          0          0         80   dscalb.o
       162          0          0          0          0        100   dsqrt.o
        38          0          0          0          0         68   f2d.o
       176          0          0          0          0        140   fadd.o
       124          0          0          0          0         88   fdiv.o
       110          0          0          0          0        168   fepilogue.o
        50          0          0          0          0         68   ffixi.o
        18          0          0          0          0         68   fflti.o
       100          0          0          0          0         76   fmul.o

    ----------------------------------------------------------------------
      3792        154        152          8          0       2764   Library Totals
         4          0          0          0          0          0   (incl. Padding)

    ----------------------------------------------------------------------

      Code (inc. data)   RO Data    RW Data    ZI Data      Debug   Library Name

       852         76        152          0          0        508   m_ws.l
      1066         78          0          8          0        724   mc_w.l
      1870          0          0          0          0       1532   mf_w.l

    ----------------------------------------------------------------------
      3792        154        152          8          0       2764   Library Totals

    ----------------------------------------------------------------------

==============================================================================


      Code (inc. data)   RO Data    RW Data    ZI Data      Debug   

     14436        812        516        112       1392     593739   Grand Totals
     14436        812        516        112       1392     593739   ELF Image Totals
     14436        812        516        112          0          0   ROM Totals

==============================================================================

    Total RO  Size (Code + RO Data)                14952 (  14.60kB)
    Total RW  Size (RW Data + ZI Data)              1504 (   1.47kB)
    Total ROM Size (Code + RO Data + RW Data)      15064 (  14.71kB)

==============================================================================

